😀,smileys & people,grinning face
😃,smileys & people,grinning face with big eyes
😄,smileys & people,grinning face with smiling eyes
😁,smileys & people,beaming face with smiling eyes
😆,smileys & people,grinning squinting face
😅,smileys & people,grinning face with sweat
🤣,smileys & people,rolling on the floor laughing
😂,smileys & people,face with tears of joy
🙂,smileys & people,slightly smiling face
🙃,smileys & people,upside-down face
😉,smileys & people,winking face
😊,smileys & people,smiling face with smiling eyes
😇,smileys & people,smiling face with halo
🥰,smileys & people,smiling face with hearts
😍,smileys & people,smiling face with heart-eyes
🤩,smileys & people,star-struck
😘,smileys & people,face blowing a kiss
😗,smileys & people,kissing face
☺️,smileys & people,smiling face
😚,smileys & people,kissing face with closed eyes
😙,smileys & people,kissing face with smiling eyes
🥲,smileys & people,smiling face with tear
😋,smileys & people,face savoring food
😛,smileys & people,face with tongue
😜,smileys & people,winking face with tongue
🤪,smileys & people,zany face
😝,smileys & people,squinting face with tongue
🤑,smileys & people,money-mouth face
🤗,smileys & people,smiling face with open hands
🤭,smileys & people,face with hand over mouth
🤫,smileys & people,shushing face
🤔,smileys & people,thinking face
🤐,smileys & people,zipper-mouth face
🤨,smileys & people,face with raised eyebrow
😐,smileys & people,neutral face
😑,smileys & people,expressionless face
😶,smileys & people,face without mouth
😶‍🌫️,smileys & people,face in clouds
😏,smileys & people,smirking face
😒,smileys & people,unamused face
🙄,smileys & people,face with rolling eyes
😬,smileys & people,grimacing face
😮‍💨,smileys & people,face exhaling
🤥,smileys & people,lying face
😌,smileys & people,relieved face
😔,smileys & people,pensive face
😪,smileys & people,sleepy face
🤤,smileys & people,drooling face
😴,smileys & people,sleeping face
😷,smileys & people,face with medical mask
🤒,smileys & people,face with thermometer
🤕,smileys & people,face with head-bandage
🤢,smileys & people,nauseated face
🤮,smileys & people,face vomiting
🤧,smileys & people,sneezing face
🥵,smileys & people,hot face
🥶,smileys & people,cold face
🥴,smileys & people,woozy face
😵,smileys & people,face with crossed-out eyes
😵‍💫,smileys & people,face with spiral eyes
🤯,smileys & people,exploding head
🤠,smileys & people,cowboy hat face
🥳,smileys & people,partying face
🥸,smileys & people,disguised face
😎,smileys & people,smiling face with sunglasses
🤓,smileys & people,nerd face
🧐,smileys & people,face with monocle
😕,smileys & people,confused face
😟,smileys & people,worried face
🙁,smileys & people,slightly frowning face
☹️,smileys & people,frowning face
😮,smileys & people,face with open mouth
😯,smileys & people,hushed face
😲,smileys & people,astonished face
😳,smileys & people,flushed face
🥺,smileys & people,pleading face
😦,smileys & people,frowning face with open mouth
😧,smileys & people,anguished face
😨,smileys & people,fearful face
😰,smileys & people,anxious face with sweat
😥,smileys & people,sad but relieved face
😢,smileys & people,crying face
😭,smileys & people,loudly crying face
😱,smileys & people,face screaming in fear
😖,smileys & people,confounded face
😣,smileys & people,persevering face
😞,smileys & people,disappointed face
😓,smileys & people,downcast face with sweat
😩,smileys & people,weary face
😫,smileys & people,tired face
🥱,smileys & people,yawning face
😤,smileys & people,face with steam from nose
😡,smileys & people,enraged face
😠,smileys & people,angry face
🤬,smileys & people,face with symbols on mouth
😈,smileys & people,smiling face with horns
👿,smileys & people,angry face with horns
💀,smileys & people,skull
☠️,smileys & people,skull and crossbones
💩,smileys & people,pile of poo
🤡,smileys & people,clown face
👹,smileys & people,ogre
👺,smileys & people,goblin
👻,smileys & people,ghost
👽,smileys & people,alien
👾,smileys & people,alien monster
🤖,smileys & people,robot
😺,smileys & people,grinning cat
😸,smileys & people,grinning cat with smiling eyes
😹,smileys & people,cat with tears of joy
😻,smileys & people,smiling cat with heart-eyes
😼,smileys & people,cat with wry smile
😽,smileys & people,kissing cat
🙀,smileys & people,weary cat
😿,smileys & people,crying cat
😾,smileys & people,pouting cat
💋,smileys & people,kiss mark
👋,smileys & people,waving hand
🤚,smileys & people,raised back of hand
🖐️,smileys & people,hand with fingers splayed
✋,smileys & people,raised hand
🖖,smileys & people,vulcan salute
👌,smileys & people,ok hand
🤌,smileys & people,pinched fingers
🤏,smileys & people,pinching hand
✌️,smileys & people,victory hand
🤞,smileys & people,crossed fingers
🤟,smileys & people,love-you gesture
🤘,smileys & people,sign of the horns
🤙,smileys & people,call me hand
👈,smileys & people,backhand index pointing left
👉,smileys & people,backhand index pointing right
👆,smileys & people,backhand index pointing up
🖕,smileys & people,middle finger
👇,smileys & people,backhand index pointing down
☝️,smileys & people,index pointing up
👍,smileys & people,thumbs up
👎,smileys & people,thumbs down
✊,smileys & people,raised fist
👊,smileys & people,oncoming fist
🤛,smileys & people,left-facing fist
🤜,smileys & people,right-facing fist
👏,smileys & people,clapping hands
🙌,smileys & people,raising hands
👐,smileys & people,open hands
🤲,smileys & people,palms up together
🤝,smileys & people,handshake
🙏,smileys & people,folded hands
✍️,smileys & people,writing hand
💅,smileys & people,nail polish
🤳,smileys & people,selfie
💪,smileys & people,flexed biceps
🦾,smileys & people,mechanical arm
🦿,smileys & people,mechanical leg
🦵,smileys & people,leg
🦶,smileys & people,foot
👂,smileys & people,ear
🦻,smileys & people,ear with hearing aid
👃,smileys & people,nose
🧠,smileys & people,brain
🫀,smileys & people,anatomical heart
🫁,smileys & people,lungs
🦷,smileys & people,tooth
🦴,smileys & people,bone
👀,smileys & people,eyes
👁️,smileys & people,eye
👅,smileys & people,tongue
👄,smileys & people,mouth
👶,smileys & people,baby
🧒,smileys & people,child
👦,smileys & people,boy
👧,smileys & people,girl
🧑,smileys & people,person
👱,smileys & people,person: blond hair
👨,smileys & people,man
🧔,smileys & people,person: beard
👨‍🦰,smileys & people,man: red hair
👨‍🦱,smileys & people,man: curly hair
👨‍🦳,smileys & people,man: white hair
👨‍🦲,smileys & people,man: bald
👩,smileys & people,woman
👩‍🦰,smileys & people,woman: red hair
🧑‍🦰,smileys & people,person: red hair
👩‍🦱,smileys & people,woman: curly hair
🧑‍🦱,smileys & people,person: curly hair
👩‍🦳,smileys & people,woman: white hair
🧑‍🦳,smileys & people,person: white hair
👩‍🦲,smileys & people,woman: bald
🧑‍🦲,smileys & people,person: bald
👱‍♀️,smileys & people,woman: blond hair
👱‍♂️,smileys & people,man: blond hair
🧓,smileys & people,older person
👴,smileys & people,old man
👵,smileys & people,old woman
🙍,smileys & people,person frowning
🙍‍♂️,smileys & people,man frowning
🙍‍♀️,smileys & people,woman frowning
🙎,smileys & people,person pouting
🙎‍♂️,smileys & people,man pouting
🙎‍♀️,smileys & people,woman pouting
🙅,smileys & people,person gesturing no
🙅‍♂️,smileys & people,man gesturing no
🙅‍♀️,smileys & people,woman gesturing no
🙆,smileys & people,person gesturing ok
🙆‍♂️,smileys & people,man gesturing ok
🙆‍♀️,smileys & people,woman gesturing ok
💁,smileys & people,person tipping hand
💁‍♂️,smileys & people,man tipping hand
💁‍♀️,smileys & people,woman tipping hand
🙋,smileys & people,person raising hand
🙋‍♂️,smileys & people,man raising hand
🙋‍♀️,smileys & people,woman raising hand
🧏,smileys & people,deaf person
🧏‍♂️,smileys & people,deaf man
🧏‍♀️,smileys & people,deaf woman
🙇,smileys & people,person bowing
🙇‍♂️,smileys & people,man bowing
🙇‍♀️,smileys & people,woman bowing
🤦,smileys & people,person facepalming
🤦‍♂️,smileys & people,man facepalming
🤦‍♀️,smileys & people,woman facepalming
🤷,smileys & people,person shrugging
🤷‍♂️,smileys & people,man shrugging
🤷‍♀️,smileys & people,woman shrugging
🧑‍⚕️,smileys & people,health worker
👨‍⚕️,smileys & people,man health worker
👩‍⚕️,smileys & people,woman health worker
🧑‍🎓,smileys & people,student
👨‍🎓,smileys & people,man student
👩‍🎓,smileys & people,woman student
🧑‍🏫,smileys & people,teacher
👨‍🏫,smileys & people,man teacher
👩‍🏫,smileys & people,woman teacher
🧑‍⚖️,smileys & people,judge
👨‍⚖️,smileys & people,man judge
👩‍⚖️,smileys & people,woman judge
🧑‍🌾,smileys & people,farmer
👨‍🌾,smileys & people,man farmer
👩‍🌾,smileys & people,woman farmer
🧑‍🍳,smileys & people,cook
👨‍🍳,smileys & people,man cook
👩‍🍳,smileys & people,woman cook
🧑‍🔧,smileys & people,mechanic
👨‍🔧,smileys & people,man mechanic
👩‍🔧,smileys & people,woman mechanic
🧑‍🏭,smileys & people,factory worker
👨‍🏭,smileys & people,man factory worker
👩‍🏭,smileys & people,woman factory worker
🧑‍💼,smileys & people,office worker
👨‍💼,smileys & people,man office worker
👩‍💼,smileys & people,woman office worker
🧑‍🔬,smileys & people,scientist
👨‍🔬,smileys & people,man scientist
👩‍🔬,smileys & people,woman scientist
🧑‍💻,smileys & people,technologist
👨‍💻,smileys & people,man technologist
👩‍💻,smileys & people,woman technologist
🧑‍🎤,smileys & people,singer
👨‍🎤,smileys & people,man singer
👩‍🎤,smileys & people,woman singer
🧑‍🎨,smileys & people,artist
👨‍🎨,smileys & people,man artist
👩‍🎨,smileys & people,woman artist
🧑‍✈️,smileys & people,pilot
👨‍✈️,smileys & people,man pilot
👩‍✈️,smileys & people,woman pilot
🧑‍🚀,smileys & people,astronaut
👨‍🚀,smileys & people,man astronaut
👩‍🚀,smileys & people,woman astronaut
🧑‍🚒,smileys & people,firefighter
👨‍🚒,smileys & people,man firefighter
👩‍🚒,smileys & people,woman firefighter
👮,smileys & people,police officer
👮‍♂️,smileys & people,man police officer
👮‍♀️,smileys & people,woman police officer
🕵️,smileys & people,detective
🕵️‍♂️,smileys & people,man detective
🕵️‍♀️,smileys & people,woman detective
💂,smileys & people,guard
💂‍♂️,smileys & people,man guard
💂‍♀️,smileys & people,woman guard
🥷,smileys & people,ninja
👷,smileys & people,construction worker
👷‍♂️,smileys & people,man construction worker
👷‍♀️,smileys & people,woman construction worker
🤴,smileys & people,prince
👸,smileys & people,princess
👳,smileys & people,person wearing turban
👳‍♂️,smileys & people,man wearing turban
👳‍♀️,smileys & people,woman wearing turban
👲,smileys & people,person with skullcap
🧕,smileys & people,woman with headscarf
🤵,smileys & people,person in tuxedo
🤵‍♂️,smileys & people,man in tuxedo
🤵‍♀️,smileys & people,woman in tuxedo
👰,smileys & people,person with veil
👰‍♂️,smileys & people,man with veil
👰‍♀️,smileys & people,woman with veil
🤰,smileys & people,pregnant woman
🤱,smileys & people,breast-feeding
👩‍🍼,smileys & people,woman feeding baby
👨‍🍼,smileys & people,man feeding baby
🧑‍🍼,smileys & people,person feeding baby
👼,smileys & people,baby angel
🎅,smileys & people,santa claus
🤶,smileys & people,mrs. claus
🧑‍🎄,smileys & people,mx claus
🦸,smileys & people,superhero
🦸‍♂️,smileys & people,man superhero
🦸‍♀️,smileys & people,woman superhero
🦹,smileys & people,supervillain
🦹‍♂️,smileys & people,man supervillain
🦹‍♀️,smileys & people,woman supervillain
🧙,smileys & people,mage
🧙‍♂️,smileys & people,man mage
🧙‍♀️,smileys & people,woman mage
🧚,smileys & people,fairy
🧚‍♂️,smileys & people,man fairy
🧚‍♀️,smileys & people,woman fairy
🧛,smileys & people,vampire
🧛‍♂️,smileys & people,man vampire
🧛‍♀️,smileys & people,woman vampire
🧜,smileys & people,merperson
🧜‍♂️,smileys & people,merman
🧜‍♀️,smileys & people,mermaid
🧝,smileys & people,elf
🧝‍♂️,smileys & people,man elf
🧝‍♀️,smileys & people,woman elf
🧞,smileys & people,genie
🧞‍♂️,smileys & people,man genie
🧞‍♀️,smileys & people,woman genie
🧟,smileys & people,zombie
🧟‍♂️,smileys & people,man zombie
🧟‍♀️,smileys & people,woman zombie
💆,smileys & people,person getting massage
💆‍♂️,smileys & people,man getting massage
💆‍♀️,smileys & people,woman getting massage
💇,smileys & people,person getting haircut
💇‍♂️,smileys & people,man getting haircut
💇‍♀️,smileys & people,woman getting haircut
🚶,smileys & people,person walking
🚶‍♂️,smileys & people,man walking
🚶‍♀️,smileys & people,woman walking
🧍,smileys & people,person standing
🧍‍♂️,smileys & people,man standing
🧍‍♀️,smileys & people,woman standing
🧎,smileys & people,person kneeling
🧎‍♂️,smileys & people,man kneeling
🧎‍♀️,smileys & people,woman kneeling
🧑‍🦯,smileys & people,person with white cane
👨‍🦯,smileys & people,man with white cane
👩‍🦯,smileys & people,woman with white cane
🧑‍🦼,smileys & people,person in motorized wheelchair
👨‍🦼,smileys & people,man in motorized wheelchair
👩‍🦼,smileys & people,woman in motorized wheelchair
🧑‍🦽,smileys & people,person in manual wheelchair
👨‍🦽,smileys & people,man in manual wheelchair
👩‍🦽,smileys & people,woman in manual wheelchair
🏃,smileys & people,person running
🏃‍♂️,smileys & people,man running
🏃‍♀️,smileys & people,woman running
💃,smileys & people,woman dancing
🕺,smileys & people,man dancing
🕴️,smileys & people,person in suit levitating
👯,smileys & people,people with bunny ears
👯‍♂️,smileys & people,men with bunny ears
👯‍♀️,smileys & people,women with bunny ears
🧖,smileys & people,person in steamy room
🧖‍♂️,smileys & people,man in steamy room
🧖‍♀️,smileys & people,woman in steamy room
🧘,smileys & people,person in lotus position
🧑‍🤝‍🧑,smileys & people,people holding hands
👭,smileys & people,women holding hands
👫,smileys & people,woman and man holding hands
👬,smileys & people,men holding hands
💏,smileys & people,kiss
👩‍❤️‍💋‍👨,smileys & people,kiss: woman, man
👨‍❤️‍💋‍👨,smileys & people,kiss: man, man
👩‍❤️‍💋‍👩,smileys & people,kiss: woman, woman
💑,smileys & people,couple with heart
👩‍❤️‍👨,smileys & people,couple with heart: woman, man
👨‍❤️‍👨,smileys & people,couple with heart: man, man
👩‍❤️‍👩,smileys & people,couple with heart: woman, woman
👪,smileys & people,family
👨‍👩‍👦,smileys & people,family: man, woman, boy
👨‍👩‍👧,smileys & people,family: man, woman, girl
👨‍👩‍👧‍👦,smileys & people,family: man, woman, girl, boy
👨‍👩‍👦‍👦,smileys & people,family: man, woman, boy, boy
👨‍👩‍👧‍👧,smileys & people,family: man, woman, girl, girl
👨‍👨‍👦,smileys & people,family: man, man, boy
👨‍👨‍👧,smileys & people,family: man, man, girl
👨‍👨‍👧‍👦,smileys & people,family: man, man, girl, boy
👨‍👨‍👦‍👦,smileys & people,family: man, man, boy, boy
👨‍👨‍👧‍👧,smileys & people,family: man, man, girl, girl
👩‍👩‍👦,smileys & people,family: woman, woman, boy
👩‍👩‍👧,smileys & people,family: woman, woman, girl
👩‍👩‍👧‍👦,smileys & people,family: woman, woman, girl, boy
👩‍👩‍👦‍👦,smileys & people,family: woman, woman, boy, boy
👩‍👩‍👧‍👧,smileys & people,family: woman, woman, girl, girl
👨‍👦,smileys & people,family: man, boy
👨‍👦‍👦,smileys & people,family: man, boy, boy
👨‍👧,smileys & people,family: man, girl
👨‍👧‍👦,smileys & people,family: man, girl, boy
👨‍👧‍👧,smileys & people,family: man, girl, girl
👩‍👦,smileys & people,family: woman, boy
👩‍👦‍👦,smileys & people,family: woman, boy, boy
👩‍👧,smileys & people,family: woman, girl
👩‍👧‍👦,smileys & people,family: woman, girl, boy
👩‍👧‍👧,smileys & people,family: woman, girl, girl
🗣️,smileys & people,speaking head
👤,smileys & people,bust in silhouette
👥,smileys & people,busts in silhouette
🫂,smileys & people,people hugging
👣,smileys & people,footprints
🧳,smileys & people,luggage
🌂,smileys & people,closed umbrella
☂️,smileys & people,umbrella
🎃,smileys & people,jack-o-lantern
🧵,smileys & people,thread
🧶,smileys & people,yarn
👓,smileys & people,glasses
🕶️,smileys & people,sunglasses
🥽,smileys & people,goggles
🥼,smileys & people,lab coat
🦺,smileys & people,safety vest
👔,smileys & people,necktie
👕,smileys & people,t-shirt
👖,smileys & people,jeans
🧣,smileys & people,scarf
🧤,smileys & people,gloves
🧥,smileys & people,coat
🧦,smileys & people,socks
👗,smileys & people,dress
👘,smileys & people,kimono
🥻,smileys & people,sari
🩱,smileys & people,one-piece swimsuit
🩲,smileys & people,briefs
🩳,smileys & people,shorts
👙,smileys & people,bikini
👚,smileys & people,woman’s clothes
👛,smileys & people,purse
👜,smileys & people,handbag
👝,smileys & people,clutch bag
🎒,smileys & people,backpack
🩴,smileys & people,thong sandal
👞,smileys & people,man’s shoe
👟,smileys & people,running shoe
🥾,smileys & people,hiking boot
🥿,smileys & people,flat shoe
👠,smileys & people,high-heeled shoe
👡,smileys & people,woman’s sandal
🩰,smileys & people,ballet shoes
👢,smileys & people,woman’s boot
👑,smileys & people,crown
👒,smileys & people,woman’s hat
🎩,smileys & people,top hat
🎓,smileys & people,graduation cap
🧢,smileys & people,billed cap
🪖,smileys & people,military helmet
⛑️,smileys & people,rescue worker’s helmet
💄,smileys & people,lipstick
💍,smileys & people,ring
💼,smileys & people,briefcase
🩸,smileys & people,drop of blood
🙈,animals & nature,see-no-evil monkey
🙉,animals & nature,hear-no-evil monkey
🙊,animals & nature,speak-no-evil monkey
💥,animals & nature,collision
💫,animals & nature,dizzy
💦,animals & nature,sweat droplets
💨,animals & nature,dashing away
🐵,animals & nature,monkey face
🐒,animals & nature,monkey
🦍,animals & nature,gorilla
🦧,animals & nature,orangutan
🐶,animals & nature,dog face
🐕,animals & nature,dog
🦮,animals & nature,guide dog
🐕‍🦺,animals & nature,service dog
🐩,animals & nature,poodle
🐺,animals & nature,wolf
🦊,animals & nature,fox
🦝,animals & nature,raccoon
🐱,animals & nature,cat face
🐈,animals & nature,cat
🐈‍⬛,animals & nature,black cat
🦁,animals & nature,lion
🐯,animals & nature,tiger face
🐅,animals & nature,tiger
🐆,animals & nature,leopard
🐴,animals & nature,horse face
🐎,animals & nature,horse
🦄,animals & nature,unicorn
🦓,animals & nature,zebra
🦌,animals & nature,deer
🦬,animals & nature,bison
🐮,animals & nature,cow face
🐂,animals & nature,ox
🐃,animals & nature,water buffalo
🐄,animals & nature,cow
🐷,animals & nature,pig face
🐖,animals & nature,pig
🐗,animals & nature,boar
🐽,animals & nature,pig nose
🐏,animals & nature,ram
🐑,animals & nature,ewe
🐐,animals & nature,goat
🐪,animals & nature,camel
🐫,animals & nature,two-hump camel
🦙,animals & nature,llama
🦒,animals & nature,giraffe
🐘,animals & nature,elephant
🦣,animals & nature,mammoth
🦏,animals & nature,rhinoceros
🦛,animals & nature,hippopotamus
🐭,animals & nature,mouse face
🐁,animals & nature,mouse
🐀,animals & nature,rat
🐹,animals & nature,hamster
🐰,animals & nature,rabbit face
🐇,animals & nature,rabbit
🐿️,animals & nature,chipmunk
🦫,animals & nature,beaver
🦔,animals & nature,hedgehog
🦇,animals & nature,bat
🐻,animals & nature,bear
🐻‍❄️,animals & nature,polar bear
🐨,animals & nature,koala
🐼,animals & nature,panda
🦥,animals & nature,sloth
🦦,animals & nature,otter
🦨,animals & nature,skunk
🦘,animals & nature,kangaroo
🦡,animals & nature,badger
🐾,animals & nature,paw prints
🦃,animals & nature,turkey
🐔,animals & nature,chicken
🐓,animals & nature,rooster
🐣,animals & nature,hatching chick
🐤,animals & nature,baby chick
🐥,animals & nature,front-facing baby chick
🐦,animals & nature,bird
🐧,animals & nature,penguin
🕊️,animals & nature,dove
🦅,animals & nature,eagle
🦆,animals & nature,duck
🦢,animals & nature,swan
🦉,animals & nature,owl
🦤,animals & nature,dodo
🪶,animals & nature,feather
🦩,animals & nature,flamingo
🦚,animals & nature,peacock
🦜,animals & nature,parrot
🐸,animals & nature,frog
🐊,animals & nature,crocodile
🐢,animals & nature,turtle
🦎,animals & nature,lizard
🐍,animals & nature,snake
🐲,animals & nature,dragon face
🐉,animals & nature,dragon
🦕,animals & nature,sauropod
🦖,animals & nature,t-rex
🐳,animals & nature,spouting whale
🐋,animals & nature,whale
🐬,animals & nature,dolphin
🦭,animals & nature,seal
🐟,animals & nature,fish
🐠,animals & nature,tropical fish
🐡,animals & nature,blowfish
🦈,animals & nature,shark
🐙,animals & nature,octopus
🐚,animals & nature,spiral shell
🐌,animals & nature,snail
🦋,animals & nature,butterfly
🐛,animals & nature,bug
🐜,animals & nature,ant
🐝,animals & nature,honeybee
🪲,animals & nature,beetle
🐞,animals & nature,lady beetle
🦗,animals & nature,cricket
🪳,animals & nature,cockroach
🕷️,animals & nature,spider
🕸️,animals & nature,spider web
🦂,animals & nature,scorpion
🦟,animals & nature,mosquito
🪰,animals & nature,fly
🪱,animals & nature,worm
🦠,animals & nature,microbe
💐,animals & nature,bouquet
🌸,animals & nature,cherry blossom
💮,animals & nature,white flower
🏵️,animals & nature,rosette
🌹,animals & nature,rose
🥀,animals & nature,wilted flower
🌺,animals & nature,hibiscus
🌻,animals & nature,sunflower
🌼,animals & nature,blossom
🌷,animals & nature,tulip
🌱,animals & nature,seedling
🪴,animals & nature,potted plant
🌲,animals & nature,evergreen tree
🌳,animals & nature,deciduous tree
🌴,animals & nature,palm tree
🌵,animals & nature,cactus
🌾,animals & nature,sheaf of rice
🌿,animals & nature,herb
☘️,animals & nature,shamrock
🍀,animals & nature,four leaf clover
🍁,animals & nature,maple leaf
🍂,animals & nature,fallen leaf
🍃,animals & nature,leaf fluttering in wind
🍄,animals & nature,mushroom
🌰,animals & nature,chestnut
🦀,animals & nature,crab
🦞,animals & nature,lobster
🦐,animals & nature,shrimp
🦑,animals & nature,squid
🌍,animals & nature,globe showing europe-africa
🌎,animals & nature,globe showing americas
🌏,animals & nature,globe showing asia-australia
🌐,animals & nature,globe with meridians
🪨,animals & nature,rock
🌑,animals & nature,new moon
🌒,animals & nature,waxing crescent moon
🌓,animals & nature,first quarter moon
🌔,animals & nature,waxing gibbous moon
🌕,animals & nature,full moon
🌖,animals & nature,waning gibbous moon
🌗,animals & nature,last quarter moon
🌘,animals & nature,waning crescent moon
🌙,animals & nature,crescent moon
🌚,animals & nature,new moon face
🌛,animals & nature,first quarter moon face
🌜,animals & nature,last quarter moon face
☀️,animals & nature,sun
🌝,animals & nature,full moon face
🌞,animals & nature,sun with face
⭐,animals & nature,star
🌟,animals & nature,glowing star
🌠,animals & nature,shooting star
☁️,animals & nature,cloud
⛅,animals & nature,sun behind cloud
⛈️,animals & nature,cloud with lightning and rain
🌤️,animals & nature,sun behind small cloud
🌥️,animals & nature,sun behind large cloud
🌦️,animals & nature,sun behind rain cloud
🌧️,animals & nature,cloud with rain
🌨️,animals & nature,cloud with snow
🌩️,animals & nature,cloud with lightning
🌪️,animals & nature,tornado
🌫️,animals & nature,fog
🌬️,animals & nature,wind face
🌈,animals & nature,rainbow
☂️,animals & nature,umbrella
☔,animals & nature,umbrella with rain drops
⚡,animals & nature,high voltage
❄️,animals & nature,snowflake
☃️,animals & nature,snowman
⛄,animals & nature,snowman without snow
☄️,animals & nature,comet
🔥,animals & nature,fire
💧,animals & nature,droplet
🌊,animals & nature,water wave
🎄,animals & nature,christmas tree
✨,animals & nature,sparkles
🎋,animals & nature,tanabata tree
🎍,animals & nature,pine decoration
🍇,food & drink,grapes
🍈,food & drink,melon
🍉,food & drink,watermelon
🍊,food & drink,tangerine
🍋,food & drink,lemon
🍌,food & drink,banana
🍍,food & drink,pineapple
🥭,food & drink,mango
🍎,food & drink,red apple
🍏,food & drink,green apple
🍐,food & drink,pear
🍑,food & drink,peach
🍒,food & drink,cherries
🍓,food & drink,strawberry
🫐,food & drink,blueberries
🥝,food & drink,kiwi fruit
🍅,food & drink,tomato
🫒,food & drink,olive
🥥,food & drink,coconut
🥑,food & drink,avocado
🍆,food & drink,eggplant
🥔,food & drink,potato
🥕,food & drink,carrot
🌽,food & drink,ear of corn
🌶️,food & drink,hot pepper
🫑,food & drink,bell pepper
🥒,food & drink,cucumber
🥬,food & drink,leafy green
🥦,food & drink,broccoli
🧄,food & drink,garlic
🧅,food & drink,onion
🍄,food & drink,mushroom
🥜,food & drink,peanuts
🌰,food & drink,chestnut
🍞,food & drink,bread
🥐,food & drink,croissant
🥖,food & drink,baguette bread
🫓,food & drink,flatbread
🥨,food & drink,pretzel
🥯,food & drink,bagel
🥞,food & drink,pancakes
🧇,food & drink,waffle
🧀,food & drink,cheese wedge
🍖,food & drink,meat on bone
🍗,food & drink,poultry leg
🥩,food & drink,cut of meat
🥓,food & drink,bacon
🍔,food & drink,hamburger
🍟,food & drink,french fries
🍕,food & drink,pizza
🌭,food & drink,hot dog
🥪,food & drink,sandwich
🌮,food & drink,taco
🌯,food & drink,burrito
🫔,food & drink,tamale
🥙,food & drink,stuffed flatbread
🧆,food & drink,falafel
🥚,food & drink,egg
🍳,food & drink,cooking
🥘,food & drink,shallow pan of food
🍲,food & drink,pot of food
🫕,food & drink,fondue
🥣,food & drink,bowl with spoon
🥗,food & drink,green salad
🍿,food & drink,popcorn
🧈,food & drink,butter
🧂,food & drink,salt
🥫,food & drink,canned food
🍱,food & drink,bento box
🍘,food & drink,rice cracker
🍙,food & drink,rice ball
🍚,food & drink,cooked rice
🍛,food & drink,curry rice
🍜,food & drink,steaming bowl
🍝,food & drink,spaghetti
🍠,food & drink,roasted sweet potato
🍢,food & drink,oden
🍣,food & drink,sushi
🍤,food & drink,fried shrimp
🍥,food & drink,fish cake with swirl
🥮,food & drink,moon cake
🍡,food & drink,dango
🥟,food & drink,dumpling
🥠,food & drink,fortune cookie
🥡,food & drink,takeout box
🦪,food & drink,oyster
🍦,food & drink,soft ice cream
🍧,food & drink,shaved ice
🍨,food & drink,ice cream
🍩,food & drink,doughnut
🍪,food & drink,cookie
🎂,food & drink,birthday cake
🍰,food & drink,shortcake
🧁,food & drink,cupcake
🥧,food & drink,pie
🍫,food & drink,chocolate bar
🍬,food & drink,candy
🍭,food & drink,lollipop
🍮,food & drink,custard
🍯,food & drink,honey pot
🍼,food & drink,baby bottle
🥛,food & drink,glass of milk
☕,food & drink,hot beverage
🫖,food & drink,teapot
🍵,food & drink,teacup without handle
🍶,food & drink,sake
🍾,food & drink,bottle with popping cork
🍷,food & drink,wine glass
🍸,food & drink,cocktail glass
🍹,food & drink,tropical drink
🍺,food & drink,beer mug
🍻,food & drink,clinking beer mugs
🥂,food & drink,clinking glasses
🥃,food & drink,tumbler glass
🥤,food & drink,cup with straw
🧋,food & drink,bubble tea
🧃,food & drink,beverage box
🧉,food & drink,mate
🧊,food & drink,ice
🥢,food & drink,chopsticks
🍽️,food & drink,fork and knife with plate
🍴,food & drink,fork and knife
🥄,food & drink,spoon
🕴️,activity,person in suit levitating
🧗,activity,person climbing
🧗‍♂️,activity,man climbing
🧗‍♀️,activity,woman climbing
🤺,activity,person fencing
🏇,activity,horse racing
⛷️,activity,skier
🏂,activity,snowboarder
🏌️,activity,person golfing
🏌️‍♂️,activity,man golfing
🏌️‍♀️,activity,woman golfing
🏄,activity,person surfing
🏄‍♂️,activity,man surfing
🏄‍♀️,activity,woman surfing
🚣,activity,person rowing boat
🚣‍♂️,activity,man rowing boat
🚣‍♀️,activity,woman rowing boat
🏊,activity,person swimming
🏊‍♂️,activity,man swimming
🏊‍♀️,activity,woman swimming
⛹️,activity,person bouncing ball
⛹️‍♂️,activity,man bouncing ball
⛹️‍♀️,activity,woman bouncing ball
🏋️,activity,person lifting weights
🏋️‍♂️,activity,man lifting weights
🏋️‍♀️,activity,woman lifting weights
🚴,activity,person biking
🚴‍♂️,activity,man biking
🚴‍♀️,activity,woman biking
🚵,activity,person mountain biking
🚵‍♂️,activity,man mountain biking
🚵‍♀️,activity,woman mountain biking
🤸,activity,person cartwheeling
🤸‍♂️,activity,man cartwheeling
🤸‍♀️,activity,woman cartwheeling
🤼,activity,people wrestling
🤼‍♂️,activity,men wrestling
🤼‍♀️,activity,women wrestling
🤽,activity,person playing water polo
🤽‍♂️,activity,man playing water polo
🤽‍♀️,activity,woman playing water polo
🤾,activity,person playing handball
🤾‍♂️,activity,man playing handball
🤾‍♀️,activity,woman playing handball
🤹,activity,person juggling
🤹‍♂️,activity,man juggling
🤹‍♀️,activity,woman juggling
🧘,activity,person in lotus position
🧘‍♂️,activity,man in lotus position
🧘‍♀️,activity,woman in lotus position
🎪,activity,circus tent
🛹,activity,skateboard
🛼,activity,roller skate
🛶,activity,canoe
🎗️,activity,reminder ribbon
🎟️,activity,admission tickets
🎫,activity,ticket
🎖️,activity,military medal
🏆,activity,trophy
🏅,activity,sports medal
🥇,activity,1st place medal
🥈,activity,2nd place medal
🥉,activity,3rd place medal
⚽,activity,soccer ball
⚾,activity,baseball
🥎,activity,softball
🏀,activity,basketball
🏐,activity,volleyball
🏈,activity,american football
🏉,activity,rugby football
🎾,activity,tennis
🥏,activity,flying disc
🎳,activity,bowling
🏏,activity,cricket game
🏑,activity,field hockey
🏒,activity,ice hockey
🥍,activity,lacrosse
🏓,activity,ping pong
🏸,activity,badminton
🥊,activity,boxing glove
🥋,activity,martial arts uniform
🥅,activity,goal net
⛳,activity,flag in hole
⛸️,activity,ice skate
🎣,activity,fishing pole
🎽,activity,running shirt
🎿,activity,skis
🛷,activity,sled
🥌,activity,curling stone
🎯,activity,bullseye
🎱,activity,pool 8 ball
🎮,activity,video game
🎰,activity,slot machine
🎲,activity,game die
🧩,activity,puzzle piece
♟️,activity,chess pawn
🎭,activity,performing arts
🎨,activity,artist palette
🧵,activity,thread
🧶,activity,yarn
🎼,activity,musical score
🎤,activity,microphone
🎧,activity,headphone
🎷,activity,saxophone
🪗,activity,accordion
🎸,activity,guitar
🎹,activity,musical keyboard
🎺,activity,trumpet
🎻,activity,violin
🥁,activity,drum
🪘,activity,long drum
🎬,activity,clapper board
🏹,activity,bow and arrow
🚣,travel & places,person rowing boat
🗾,travel & places,map of Japan
🏔️,travel & places,snow-capped mountain
⛰️,travel & places,mountain
🌋,travel & places,volcano
🗻,travel & places,mount fuji
🏕️,travel & places,camping
🏖️,travel & places,beach with umbrella
🏜️,travel & places,desert
🏝️,travel & places,desert island
🏞️,travel & places,national park
🏟️,travel & places,stadium
🏛️,travel & places,classical building
🏗️,travel & places,building construction
🛖,travel & places,hut
🏘️,travel & places,houses
🏚️,travel & places,derelict house
🏠,travel & places,house
🏡,travel & places,house with garden
🏢,travel & places,office building
🏣,travel & places,Japanese post office
🏤,travel & places,post office
🏥,travel & places,hospital
🏦,travel & places,bank
🏨,travel & places,hotel
🏩,travel & places,love hotel
🏪,travel & places,convenience store
🏫,travel & places,school
🏬,travel & places,department store
🏭,travel & places,factory
🏯,travel & places,Japanese castle
🏰,travel & places,castle
💒,travel & places,wedding
🗼,travel & places,tokyo tower
🗽,travel & places,statue of liberty
⛪,travel & places,church
🕌,travel & places,mosque
🛕,travel & places,hindu temple
🕍,travel & places,synagogue
⛩️,travel & places,shinto shrine
🕋,travel & places,kaaba
⛲,travel & places,fountain
⛺,travel & places,tent
🌁,travel & places,foggy
🌃,travel & places,night with stars
🏙️,travel & places,cityscape
🌄,travel & places,sunrise over mountains
🌅,travel & places,sunrise
🌆,travel & places,cityscape at dusk
🌇,travel & places,sunset
🌉,travel & places,bridge at night
🎠,travel & places,carousel horse
🎡,travel & places,ferris wheel
🎢,travel & places,roller coaster
🚂,travel & places,locomotive
🚃,travel & places,railway car
🚄,travel & places,high-speed train
🚅,travel & places,bullet train
🚆,travel & places,train
🚇,travel & places,metro
🚈,travel & places,light rail
🚉,travel & places,station
🚊,travel & places,tram
🚝,travel & places,monorail
🚞,travel & places,mountain railway
🚋,travel & places,tram car
🚌,travel & places,bus
🚍,travel & places,oncoming bus
🚎,travel & places,trolleybus
🚐,travel & places,minibus
🚑,travel & places,ambulance
🚒,travel & places,fire engine
🚓,travel & places,police car
🚔,travel & places,oncoming police car
🚕,travel & places,taxi
🚖,travel & places,oncoming taxi
🚗,travel & places,automobile
🚘,travel & places,oncoming automobile
🚙,travel & places,sport utility vehicle
🛻,travel & places,pickup truck
🚚,travel & places,delivery truck
🚛,travel & places,articulated lorry
🚜,travel & places,tractor
🏎️,travel & places,racing car
🏍️,travel & places,motorcycle
🛵,travel & places,motor scooter
🛺,travel & places,auto rickshaw
🚲,travel & places,bicycle
🛴,travel & places,kick scooter
🚏,travel & places,bus stop
🛣️,travel & places,motorway
🛤️,travel & places,railway track
⛽,travel & places,fuel pump
🚨,travel & places,police car light
🚥,travel & places,horizontal traffic light
🚦,travel & places,vertical traffic light
🚧,travel & places,construction
⚓,travel & places,anchor
⛵,travel & places,sailboat
🚤,travel & places,speedboat
🛳️,travel & places,passenger ship
⛴️,travel & places,ferry
🛥️,travel & places,motor boat
🚢,travel & places,ship
✈️,travel & places,airplane
🛩️,travel & places,small airplane
🛫,travel & places,airplane departure
🛬,travel & places,airplane arrival
🪂,travel & places,parachute
💺,travel & places,seat
🚁,travel & places,helicopter
🚟,travel & places,suspension railway
🚠,travel & places,mountain cableway
🚡,travel & places,aerial tramway
🛰️,travel & places,satellite
🚀,travel & places,rocket
🛸,travel & places,flying saucer
🪐,travel & places,ringed planet
🌠,travel & places,shooting star
🌌,travel & places,milky way
⛱️,travel & places,umbrella on ground
🎆,travel & places,fireworks
🎇,travel & places,sparkler
🎑,travel & places,moon viewing ceremony
💴,travel & places,yen banknote
💵,travel & places,dollar banknote
💶,travel & places,euro banknote
💷,travel & places,pound banknote
🗿,travel & places,moai
🛂,travel & places,passport control
🛃,travel & places,customs
🛄,travel & places,baggage claim
🛅,travel & places,left luggage
💌,objects,love letter
🕳️,objects,hole
💣,objects,bomb
🛀,objects,person taking bath
🛌,objects,person in bed
🔪,objects,kitchen knife
🏺,objects,amphora
🗺️,objects,world map
🧭,objects,compass
🧱,objects,brick
💈,objects,barber
🦽,objects,manual wheelchair
🦼,objects,motorized wheelchair
🛢️,objects,oil drum
🛎️,objects,bellhop bell
🧳,objects,luggage
⌛,hourglass done
⏳,hourglass not done
⏰,objects,alarm clock
⏱️,objects,stopwatch
⏲️,objects,timer clock
🕰️,objects,mantelpiece clock
🌡️,objects,thermometer
⛱️,objects,umbrella on dround
🧨,objects,firecracker
🎈,objects,balloon
🎉,objects,party popper
🎊,objects,confetti ball
🎎,objects,Japanese dolls
🎏,objects,carp streamers
🎐,objects,wind chime
🧧,objects,red envelope
🎀,objects,ribbon
🎁,objects,wrapped gift
🤿,objects,diving mask
🪀,objects,yo-yo
🪁,objects,kite
🔮,objects,crystal ball
🪄,objects,magic wand
🧿,objects,nazar amulet
🕹️,objects,joystick
🧸,objects,teddy bear
🪅,objects,piñata
🪆,objects,nesting dolls
🖼️,objects,framed picture
🧵,objects,thread
🪡,objects,sewing needle
🧶,objects,yarn
🪢,objects,knot
🛍️,objects,shopping bags
📿,objects,prayer beads
💎,objects,gem stone
📯,objects,postal horn
🎙️,objects,studio microphone
🎚️,objects,level slider
🎛️,objects,control knobs
📻,objects,radio
🪕,objects,banjo
📱,objects,mobile phone
📲,objects,mobile phone with arrow
☎️,objects,telephone
📞,objects,telephone receiver
📟,objects,pager
📠,objects,fax machine
🔋,objects,battery
🔌,objects,electric plug
💻,objects,laptop
🖥️,objects,desktop computer
🖨️,objects,printer
⌨️,objects,keyboard
🖱️,objects,computer mouse
🖲️,objects,trackball
💽,objects,computer disk
💾,objects,floppy disk
💿,objects,optical disk
📀,objects,dvd
🧮,objects,abacus
🎥,objects,movie camera
🎞️,objects,film frames
📽️,objects,film projector
📺,objects,television
📷,objects,camera
📸,objects,camera with flash
📹,objects,video camera
📼,objects,videocassette
🔍,objects,magnifying glass tilted left
🔎,objects,magnifying glass tilted right
🕯️,objects,candle
💡,objects,light bulb
🔦,objects,flashlight
🏮,objects,red paper lantern
🪔,objects,diya lamp
📔,objects,notebook with decorative cover
📕,objects,closed book
📖,objects,open book
📗,objects,green book
📘,objects,blue book
📙,objects,orange book
📚,objects,books
📓,objects,notebook
📒,objects,ledger
📃,objects,page with curl
📜,objects,scroll
📄,objects,page facing up
📰,objects,newspaper
🗞️,objects,rolled-up newspaper
📑,objects,bookmark tabs
🔖,objects,bookmark
🏷️,objects,label
💰,objects,money bag
🪙,objects,coin
💴,objects,yen banknote
💵,objects,dollar banknote
💶,objects,euro banknote
💷,objects,pound banknote
💸,objects,money with wings
💳,objects,credit card
🧾,objects,receipt
✉️,objects,envelope
📧,objects,e-mail
📨,objects,incoming envelope
📩,objects,envelope with arrow
📤,objects,outbox tray
📥,objects,inbox tray
📦,objects,package
📫,objects,closed mailbox with raised flag
📪,objects,closed mailbox with lowered flag
📬,objects,open mailbox with raised flag
📭,objects,open mailbox with lowered flag
📮,objects,postbox
🗳️,objects,ballot box with ballot
✏️,objects,pencil
✒️,objects,black nib
🖋️,objects,fountain pen
🖊️,objects,pen
🖌️,objects,paintbrush
🖍️,objects,crayon
📝,objects,memo
📁,objects,file folder
📂,objects,open file folder
🗂️,objects,card index dividers
📅,objects,calendar
📆,objects,tear-off calendar
🗒️,objects,spiral notepad
🗓️,objects,spiral calendar
📇,objects,card index
📈,objects,chart increasing
📉,objects,chart decreasing
📊,objects,bar chart
📋,objects,clipboard
📌,objects,pushpin
📍,objects,round pushpin
📎,objects,paperclip
🖇️,objects,linked paperclips
📏,objects,straight ruler
📐,objects,triangular ruler
✂️,objects,scissors
🗃️,objects,card file box
🗄️,objects,file cabinet
🗑️,objects,wastebasket
🔒,objects,locked
🔓,objects,unlocked
🔏,objects,locked with pen
🔐,objects,locked with key
🔑,objects,key
🗝️,objects,old key
🔨,objects,hammer
🪓,objects,axe
⛏️,objects,pick
⚒️,objects,hammer and pick
🛠️,objects,hammer and wrench
🗡️,objects,dagger
⚔️,objects,crossed swords
🔫,objects,water pistol
🪃,objects,boomerang
🛡️,objects,shield
🪚,objects,carpentry saw
🔧,objects,wrench
🪛,objects,screwdriver
🔩,objects,nut and bolt
⚙️,objects,gear
🗜️,objects,clamp
⚖️,objects,balance scale
🦯,objects,white cane
🔗,objects,link
⛓️,objects,chains
🪝,objects,hook
🧰,objects,toolbox
🧲,objects,magnet
🪜,objects,ladder
⚗️,objects,alembic
🧪,objects,test tube
🧫,objects,petri dish
🧬,objects,dna
🔬,objects,microscope
🔭,objects,telescope
📡,objects,satellite antenna
💉,objects,syringe
🩸,objects,drop of blood
💊,objects,pill
🩹,objects,adhesive bandage
🩺,objects,stethoscope
🚪,objects,door
🪞,objects,mirror
🪟,objects,window
🛏️,objects,bed
🛋️,objects,couch and lamp
🪑,objects,chair
🚽,objects,toilet
🪠,objects,plunger
🚿,objects,shower
🛁,objects,bathtub
🪤,objects,mouse trap
🪒,objects,razor
🧴,objects,lotion bottle
🧷,objects,safety pin
🧹,objects,broom
🧺,objects,basket
🧻,objects,roll of paper
🪣,objects,bucket
🧼,objects,soap
🪥,objects,toothbrush
🧽,objects,sponge
🧯,objects,fire extinguisher
🛒,objects,shopping cart
🚬,objects,cigarette
⚰️,objects,coffin
🪦,objects,headstone
⚱️,objects,funeral urn
🗿,objects,moai
🪧,objects,placard
🚰,objects,potable water
💘,symbols,heart with arrow
💝,symbols,heart with ribbon
💖,symbols,sparkling heart
💗,symbols,growing heart
💓,symbols,beating heart
💞,symbols,revolving hearts
💕,symbols,two hearts
💟,symbols,heart decoration
❣️,symbols,heart exclamation
💔,symbols,broken heart
❤️‍🔥,symbols,heart on fire
❤️‍🩹,symbols,mending heart
❤️,symbols,red heart
🧡,symbols,orange heart
💛,symbols,yellow heart
💚,symbols,green heart
💙,symbols,blue heart
💜,symbols,purple heart
🤎,symbols,brown heart
🖤,symbols,black heart
🤍,symbols,white heart
💯,symbols,hundred points
💢,symbols,anger symbol
💬,symbols,speech balloon
👁️‍🗨️,symbols,eye in speech bubble
🗨️,symbols,left speech bubble
🗯️,symbols,right anger bubble
💭,symbols,thought balloon
💤,symbols,zzz
💮,symbols,white flower
♨️,symbols,hot springs
💈,symbols,barber pole
🛑,symbols,stop sign
🕛,symbols,twelve o’clock
🕧,symbols,twelve-thirty
🕐,symbols,one o’clock
🕜,symbols,one-thirty
🕑,symbols,two o’clock
🕝,symbols,two-thirty
🕒,symbols,three o’clock
🕞,symbols,three-thirty
🕓,symbols,four o’clock
🕟,symbols,four-thirty
🕔,symbols,five o’clock
🕠,symbols,five-thirty
🕕,symbols,six o’clock
🕡,symbols,six-thirty
🕖,symbols,seven o’clock
🕢,symbols,seven-thirty
🕗,symbols,eight o’clock
🕣,symbols,eight-thirty
🕘,symbols,nine o’clock
🕤,symbols,nine-thirty
🕙,symbols,ten o’clock
🕥,symbols,ten-thirty
🕚,symbols,eleven o’clock
🕦,symbols,eleven-thirty
🌀,symbols,cyclone
♠️,symbols,spade suit
♥️,symbols,heart suit
♦️,symbols,diamond suit
♣️,symbols,club suit
🃏,symbols,joker
🀄,symbols,mahjong red dragon
🎴,symbols,flower playing cards
🔇,symbols,muted speaker
🔈,symbols,speaker low volume
🔉,symbols,speaker medium volume
🔊,symbols,speaker high volume
📢,symbols,loudspeaker
📣,symbols,megaphone
📯,symbols,postal horn
🔔,symbols,bell
🔕,symbols,bell with slash
🎵,symbols,musical note
🎶,symbols,musical notes
💹,symbols,chart increasing with yen
🛗,symbols,elevator
🏧,symbols,atm sign
🚮,symbols,litter in bin sign
🚰,symbols,potable water
♿,symbols,wheelchair symbol
🚹,symbols,men’s room
🚺,symbols,women’s room
🚻,symbols,restroom
🚼,symbols,baby symbol
🚾,symbols,water closet
⚠️,symbols,warning
🚸,symbols,children crossing
⛔,symbols,no entry
🚫,symbols,prohibited
🚳,symbols,no bicycles
🚭,symbols,no smoking
🚯,symbols,no littering
🚱,symbols,non-potable water
🚷,symbols,no pedestrians
📵,symbols,no mobile phones
🔞,symbols,no one under eighteen
☢️,symbols,radioactive
☣️,symbols,biohazard
⬆️,symbols,up arrow
↗️,symbols,up-right arrow
➡️,symbols,right arrow
↘️,symbols,down-right arrow
⬇️,symbols,down arrow
↙️,symbols,down-left arrow
⬅️,symbols,left arrow
↖️,symbols,up-left arrow
↕️,symbols,up-down arrow
↔️,symbols,left-right arrow
↩️,symbols,right arrow curving left
↪️,symbols,left arrow curving right
⤴️,symbols,right arrow curving up
⤵️,symbols,right arrow curving down
🔃,symbols,clockwise vertical arrows
🔄,symbols,counterclockwise arrows button
🔙,symbols,back arrow
🔚,symbols,end arrow
🔛,symbols,on! arrow
🔜,symbols,soon arrow
🔝,symbols,top arrow
🛐,symbols,place of worship
⚛️,symbols,atom symbol
🕉️,symbols,om
✡️,symbols,star of david
☸️,symbols,wheel of dharma
☯️,symbols,yin yang
✝️,symbols,latin cross
☦️,symbols,orthodox cross
☪️,symbols,star and crescent
☮️,symbols,peace symbol
🕎,symbols,menorah
🔯,symbols,dotted six-pointed star
♈,symbols,aries
♉,symbols,taurus
♊,symbols,gemini
♋,symbols,cancer
♌,symbols,leo
♍,symbols,virgo
♎,symbols,libra
♏,symbols,scorpio
♐,symbols,sagittarius
♑,symbols,capricorn
♒,symbols,aquarius
♓,symbols,pisces
⛎,symbols,ophiuchus
🔀,symbols,shuffle tracks button
🔁,symbols,repeat button
🔂,symbols,repeat single button
▶️,symbols,play button
⏩,symbols,fast-forward button
⏭️,symbols,next track button
⏯️,symbols,play or pause button
◀️,symbols,reverse button
⏪,symbols,fast reverse button
⏮️,symbols,last track button
🔼,symbols,upwards button
⏫,symbols,fast up button
🔽,symbols,downwards button
⏬,symbols,fast down button
⏸️,symbols,pause button
⏹️,symbols,stop button
⏺️,symbols,record button
⏏️,symbols,eject button
🎦,symbols,cinema
🔅,symbols,dim button
🔆,symbols,bright button
📶,symbols,antenna bars
📳,symbols,vibration mode
📴,symbols,mobile phone off
♀️,symbols,female sign
♂️,symbols,male sign
✖️,symbols,multiply
➕,symbols,plus
➖,symbols,minus
➗,symbols,divide
♾️,symbols,infinity
‼️,symbols,double exclamation mark
⁉️,symbols,exclamation question mark
❓,symbols,red question mark
❔,symbols,white question mark
❕,symbols,white exclamation mark
❗,symbols,red exclamation mark
〰️,symbols,wavy dash
💱,symbols,currency exchange
💲,symbols,heavy dollar sign
⚕️,symbols,medical symbol
♻️,symbols,recycling symbol
⚜️,symbols,fleur-de-lis
🔱,symbols,trident emblem
📛,symbols,name badge
🔰,symbols,Japanese symbol for beginner
⭕,symbols,hollow red circle
✅,symbols,check mark button
☑️,symbols,check box with check
✔️,symbols,check mark
❌,symbols,cross mark
❎,symbols,cross mark button
➰,symbols,curly loop
➿,symbols,double curly loop
〽️,symbols,part alternation mark
✳️,symbols,eight-spoked asterisk
✴️,symbols,eight-pointed star
❇️,symbols,sparkle
©️,symbols,copyright
®️,symbols,registered
™️,symbols,trade mark
#️⃣,symbols,keycap number sign
*️⃣,symbols,keycap asterisk
0️⃣,symbols,keycap digit zero
1️⃣,symbols,keycap digit one
2️⃣,symbols,keycap digit two
3️⃣,symbols,keycap digit three
4️⃣,symbols,keycap digit four
5️⃣,symbols,keycap digit five
6️⃣,symbols,keycap digit six
7️⃣,symbols,keycap digit seven
8️⃣,symbols,keycap digit eight
9️⃣,symbols,keycap digit nine
🔟,symbols,keycap: 10
🔠,symbols,input latin uppercase
🔡,symbols,input latin lowercase
🔢,symbols,input numbers
🔣,symbols,input symbols
🔤,symbols,input latin letters
🅰️,symbols,a button (blood type)
🆎,symbols,ab button (blood type)
🅱️,symbols,b button (blood type)
🆑,symbols,cl button
🆒,symbols,cool button
🆓,symbols,free button
ℹ️,symbols,information
🆔,symbols,id button
ⓜ️,symbols,circled m
🆕,symbols,new button
🆖,symbols,ng button
🅾️,symbols,o button (blood type)
🆗,symbols,ok button
🅿️,symbols,p button
🆘,symbols,sos button
🆙,symbols,up! button
🆚,symbols,vs button
🈁,symbols,Japanese “here” button
🈂️,symbols,Japanese “service charge” button
🈷️,symbols,Japanese “monthly amount” button
🈶,symbols,Japanese “not free of charge” button
🈯,symbols,Japanese “reserved” button
🉐,symbols,Japanese “bargain” button
🈹,symbols,Japanese “discount” button
🈚,symbols,Japanese “free of charge” button
🈲,symbols,Japanese “prohibited” button
🉑,symbols,Japanese “acceptable” button
🈸,symbols,Japanese “application” button
🈴,symbols,Japanese “passing grade” button
🈳,symbols,Japanese “vacancy” button
㊗️,symbols,Japanese “congratulations” button
㊙️,symbols,Japanese “secret” button
🈺,symbols,Japanese “open for business” button
🈵,symbols,Japanese “no vacancy” button
🔴,symbols,red circle
🟠,symbols,orange circle
🟡,symbols,yellow circle
🟢,symbols,green circle
🔵,symbols,blue circle
🟣,symbols,purple circle
🟤,symbols,brown circle
⚫,symbols,black circle
⚪,symbols,white circle
🟥,symbols,red square
🟧,symbols,orange square
🟨,symbols,yellow square
🟩,symbols,green square
🟦,symbols,blue square
🟪,symbols,purple square
🟫,symbols,brown square
⬛,symbols,black large square
⬜,symbols,white large square
◼️,symbols,black medium square
◻️,symbols,white medium square
◾,symbols,black medium-small square
◽,symbols,white medium-small square
▪️,symbols,black small square
▫️,symbols,white small square
🔶,symbols,large orange diamond
🔷,symbols,large blue diamond
🔸,symbols,small orange diamond
🔹,symbols,small blue diamond
🔺,symbols,red triangle pointed up
🔻,symbols,red triangle pointed down
💠,symbols,diamond with a dot
🔘,symbols,radio button
🔳,symbols,white square button
🔲,symbols,black square button
🏁,flags,chequered flag
🚩,flags,triangular flag
🎌,flags,crossed flags
🏴,flags,black flag
🏳️,flags,white flag
🏳️‍🌈,flags,rainbow flag
🏳️‍⚧️,flags,transgender flag
🏴‍☠️,flags,pirate flag
🇦🇨,national flags,Ascension Island
🇦🇩,national flags,Andorra
🇦🇪,national flags,United Arab Emirates
🇦🇫,national flags,Afghanistan
🇦🇬,national flags,Antigua & Barbuda
🇦🇮,national flags,Anguilla
🇦🇱,national flags,Albania
🇦🇲,national flags,Armenia
🇦🇴,national flags,Angola
🇦🇶,national flags,Antarctica
🇦🇷,national flags,Argentina
🇦🇸,national flags,American Samoa
🇦🇹,national flags,Austria
🇦🇺,national flags,Australia
🇦🇼,national flags,Aruba
🇦🇽,national flags,Åland Islands
🇦🇿,national flags,Azerbaijan
🇧🇦,national flags,Bosnia & Herzegovina
🇧🇧,national flags,Barbados
🇧🇩,national flags,Bangladesh
🇧🇪,national flags,Belgium
🇧🇫,national flags,Burkina Faso
🇧🇬,national flags,Bulgaria
🇧🇭,national flags,Bahrain
🇧🇮,national flags,Burundi
🇧🇯,national flags,Benin
🇧🇱,national flags,St. Barthélemy
🇧🇲,national flags,Bermuda
🇧🇳,national flags,Brunei
🇧🇴,national flags,Bolivia
🇧🇶,national flags,Caribbean Netherlands
🇧🇷,national flags,Brazil
🇧🇸,national flags,Bahamas
🇧🇹,national flags,Bhutan
🇧🇻,national flags,Bouvet Island
🇧🇼,national flags,Botswana
🇧🇾,national flags,Belarus
🇧🇿,national flags,Belize
🇨🇦,national flags,Canada
🇨🇨,national flags,Cocos (Keeling) Islands
🇨🇩,national flags,Congo - Kinshasa
🇨🇫,national flags,Central African Republic
🇨🇬,national flags,Congo - Brazzaville
🇨🇭,national flags,Switzerland
🇨🇮,national flags,Côte d’Ivoire
🇨🇰,national flags,Cook Islands
🇨🇱,national flags,Chile
🇨🇲,national flags,Cameroon
🇨🇳,national flags,China
🇨🇴,national flags,Colombia
🇨🇵,national flags,Clipperton Island
🇨🇷,national flags,Costa Rica
🇨🇺,national flags,Cuba
🇨🇻,national flags,Cape Verde
🇨🇼,national flags,Curaçao
🇨🇽,national flags,Christmas Island
🇨🇾,national flags,Cyprus
🇨🇿,national flags,Czechia
🇩🇪,national flags,Germany
🇩🇬,national flags,Diego Garcia
🇩🇯,national flags,Djibouti
🇩🇰,national flags,Denmark
🇩🇲,national flags,Dominica
🇩🇴,national flags,Dominican Republic
🇩🇿,national flags,Algeria
🇪🇦,national flags,Ceuta & Melilla
🇪🇨,national flags,Ecuador
🇪🇪,national flags,Estonia
🇪🇬,national flags,Egypt
🇪🇭,national flags,Western Sahara
🇪🇷,national flags,Eritrea
🇪🇸,national flags,Spain
🇪🇹,national flags,Ethiopia
🇪🇺,national flags,European Union
🇫🇮,national flags,Finland
🇫🇯,national flags,Fiji
🇫🇰,national flags,Falkland Islands
🇫🇲,national flags,Micronesia
🇫🇴,national flags,Faroe Islands
🇫🇷,national flags,France
🇬🇦,national flags,Gabon
🇬🇧,national flags,United Kingdom
🇬🇩,national flags,Grenada
🇬🇪,national flags,Georgia
🇬🇫,national flags,French Guiana
🇬🇬,national flags,Guernsey
🇬🇭,national flags,Ghana
🇬🇮,national flags,Gibraltar
🇬🇱,national flags,Greenland
🇬🇲,national flags,Gambia
🇬🇳,national flags,Guinea
🇬🇵,national flags,Guadeloupe
🇬🇶,national flags,Equatorial Guinea
🇬🇷,national flags,Greece
🇬🇸,national flags,South Georgia & South Sandwich Islands
🇬🇹,national flags,Guatemala
🇬🇺,national flags,Guam
🇬🇼,national flags,Guinea-Bissau
🇬🇾,national flags,Guyana
🇭🇰,national flags,Hong Kong SAR China
🇭🇲,national flags,Heard & McDonald Islands
🇭🇳,national flags,Honduras
🇭🇷,national flags,Croatia
🇭🇹,national flags,Haiti
🇭🇺,national flags,Hungary
🇮🇨,national flags,Canary Islands
🇮🇩,national flags,Indonesia
🇮🇪,national flags,Ireland
🇮🇱,national flags,Israel
🇮🇲,national flags,Isle of Man
🇮🇳,national flags,India
🇮🇴,national flags,British Indian Ocean Territory
🇮🇶,national flags,Iraq
🇮🇷,national flags,Iran
🇮🇸,national flags,Iceland
🇮🇹,national flags,Italy
🇯🇪,national flags,Jersey
🇯🇲,national flags,Jamaica
🇯🇴,national flags,Jordan
🇯🇵,national flags,Japan
🇰🇪,national flags,Kenya
🇰🇬,national flags,Kyrgyzstan
🇰🇭,national flags,Cambodia
🇰🇮,national flags,Kiribati
🇰🇲,national flags,Comoros
🇰🇳,national flags,St. Kitts & Nevis
🇰🇵,national flags,North Korea
🇰🇷,national flags,South Korea
🇰🇼,national flags,Kuwait
🇰🇾,national flags,Cayman Islands
🇰🇿,national flags,Kazakhstan
🇱🇦,national flags,Laos
🇱🇧,national flags,Lebanon
🇱🇨,national flags,St. Lucia
🇱🇮,national flags,Liechtenstein
🇱🇰,national flags,Sri Lanka
🇱🇷,national flags,Liberia
🇱🇸,national flags,Lesotho
🇱🇹,national flags,Lithuania
🇱🇺,national flags,Luxembourg
🇱🇻,national flags,Latvia
🇱🇾,national flags,Libya
🇲🇦,national flags,Morocco
🇲🇨,national flags,Monaco
🇲🇩,national flags,Moldova
🇲🇪,national flags,Montenegro
🇲🇫,national flags,St. Martin
🇲🇬,national flags,Madagascar
🇲🇭,national flags,Marshall Islands
🇲🇰,national flags,North Macedonia
🇲🇱,national flags,Mali
🇲🇲,national flags,Myanmar (Burma)
🇲🇳,national flags,Mongolia
🇲🇴,national flags,Macao Sar China
🇲🇵,national flags,Northern Mariana Islands
🇲🇶,national flags,Martinique
🇲🇷,national flags,Mauritania
🇲🇸,national flags,Montserrat
🇲🇹,national flags,Malta
🇲🇺,national flags,Mauritius
🇲🇻,national flags,Maldives
🇲🇼,national flags,Malawi
🇲🇽,national flags,Mexico
🇲🇾,national flags,Malaysia
🇲🇿,national flags,Mozambique
🇳🇦,national flags,Namibia
🇳🇨,national flags,New Caledonia
🇳🇪,national flags,Niger
🇳🇫,national flags,Norfolk Island
🇳🇬,national flags,Nigeria
🇳🇮,national flags,Nicaragua
🇳🇱,national flags,Netherlands
🇳🇴,national flags,Norway
🇳🇵,national flags,Nepal
🇳🇷,national flags,Nauru
🇳🇺,national flags,Niue
🇳🇿,national flags,New Zealand
🇴🇲,national flags,Oman
🇵🇦,national flags,Panama
🇵🇪,national flags,Peru
🇵🇫,national flags,French Polynesia
🇵🇬,national flags,Papua New Guinea
🇵🇭,national flags,Philippines
🇵🇰,national flags,Pakistan
🇵🇱,national flags,Poland
🇵🇲,national flags,St. Pierre & Miquelon
🇵🇳,national flags,Pitcairn Islands
🇵🇷,national flags,Puerto Rico
🇵🇸,national flags,Palestinian Territories
🇵🇹,national flags,Portugal
🇵🇼,national flags,Palau
🇵🇾,national flags,Paraguay
🇶🇦,national flags,Qatar
🇷🇪,national flags,Réunion
🇷🇴,national flags,Romania
🇷🇸,national flags,Serbia
🇷🇺,national flags,Russia
🇷🇼,national flags,Rwanda
🇸🇦,national flags,Saudi Arabia
🇸🇧,national flags,Solomon Islands
🇸🇨,national flags,Seychelles
🇸🇩,national flags,Sudan
🇸🇪,national flags,Sweden
🇸🇬,national flags,Singapore
🇸🇭,national flags,St. Helena
🇸🇮,national flags,Slovenia
🇸🇯,national flags,Svalbard & Jan Mayen
🇸🇰,national flags,Slovakia
🇸🇱,national flags,Sierra Leone
🇸🇲,national flags,San Marino
🇸🇳,national flags,Senegal
🇸🇴,national flags,Somalia
🇸🇷,national flags,Suriname
🇸🇸,national flags,South Sudan
🇸🇹,national flags,São Tomé & Príncipe
🇸🇻,national flags,El Salvador
🇸🇽,national flags,Sint Maarten
🇸🇾,national flags,Syria
🇸🇿,national flags,Eswatini
🇹🇦,national flags,Tristan Da Cunha
🇹🇨,national flags,Turks & Caicos Islands
🇹🇩,national flags,Chad
🇹🇫,national flags,French Southern Territories
🇹🇬,national flags,Togo
🇹🇭,national flags,Thailand
🇹🇯,national flags,Tajikistan
🇹🇰,national flags,Tokelau
🇹🇱,national flags,Timor-Leste
🇹🇲,national flags,Turkmenistan
🇹🇳,national flags,Tunisia
🇹🇴,national flags,Tonga
🇹🇷,national flags,Turkey
🇹🇹,national flags,Trinidad & Tobago
🇹🇻,national flags,Tuvalu
🇹🇼,national flags,Taiwan
🇹🇿,national flags,Tanzania
🇺🇦,national flags,Ukraine
🇺🇬,national flags,Uganda
🇺🇲,national flags,U.S. Outlying Islands
🇺🇳,national flags,United Nations
🇺🇸,national flags,United States
🇺🇾,national flags,Uruguay
🇺🇿,national flags,Uzbekistan
🇻🇦,national flags,Vatican City
🇻🇨,national flags,St. Vincent & Grenadines
🇻🇪,national flags,Venezuela
🇻🇬,national flags,British Virgin Islands
🇻🇮,national flags,U.S. Virgin Islands
🇻🇳,national flags,Vietnam
🇻🇺,national flags,Vanuatu
🇼🇫,national flags,Wallis & Futuna
🇼🇸,national flags,Samoa
🇽🇰,national flags,Kosovo
🇾🇪,national flags,Yemen
🇾🇹,national flags,Mayotte
🇿🇦,national flags,South Africa
🇿🇲,national flags,Zambia
🇿🇼,national flags,Zimbabwe
🏴󠁧󠁢󠁥󠁮󠁧󠁿,national flags,England
🏴󠁧󠁢󠁳󠁣󠁴󠁿,national flags,Scotland
🏴󠁧󠁢󠁷󠁬󠁳󠁿,national flags,Wales
🏳‍🟧‍⬛‍🟧,national flags,Refugee Nation Flag
🏴󠁵󠁳󠁴󠁸󠁿,national flags,Texas (US-TX)
