👋,人,て,手
🦵,人,あし,足
🦶,人,あし,足
👂,人,みみ,耳
🦻,人,みみ,耳
👃,人,はな,鼻
🧠,人,のう,脳
🫀,人,しんぞう,心臓
🦷,人,は,歯
🦴,人,ほね,骨
👀,人,め,目
👁️,人,め,目
👅,人,した,舌
👄,人,くち,口
👶,人,あかちゃん,赤ちゃん
🧒,人,こども,子ども
👦,人,おとこのこ,男の子
👧,人,おんなのこ,女の子
👨,人,おとこ,男
👨‍🦰,人,おとこ,男
👨‍🦱,人,おとこ,男
👨‍🦳,人,おとこ,男
👨‍🦲,人,おとこ,男
👩,人,おんな,女
👩‍🦰,人,おんな,女
👩‍🦱,人,おんな,女
👩‍🦳,人,おんな,女
👩‍🦲,人,おんな,女
👱‍♀️,人,おんな,女
👱‍♂️,人,おとこ,男
👴,人,おじいさん,おじいさん
👵,人,おばあさん,おばあさん
🧑‍🎓,人,がくせい,学生
👨‍🎓,人,がくせい,学生
👩‍🎓,人,がくせい,学生
🧑‍🏫,人,せんせい,先生
👨‍🏫,人,せんせい,先生
👩‍🏫,人,せんせい,先生
🧑‍⚖️,人,さいばんかん,裁判官
👨‍⚖️,人,さいばんかん,裁判官
👩‍⚖️,人,さいばんかん,裁判官
🧑‍🌾,人,のうか,農家
👨‍🌾,人,のうか,農家
👩‍🌾,人,のうか,農家
🧑‍🍳,人,りょうりにん,料理人
👨‍🍳,人,りょうりにん,料理人
👩‍🍳,人,りょうりにん,料理人
🧑‍🔧,人,せいびし,整備士
👨‍🔧,人,せいびし,整備士
👩‍🔧,人,せいびし,整備士
🧑‍🔬,人,かがくしゃ,科学者
👨‍🔬,人,かがくしゃ,科学者
👩‍🔬,人,かがくしゃ,科学者
🧑‍💻,人,ぎじゅつしゃ,技術者
👨‍💻,人,ぎじゅつしゃ,技術者
👩‍💻,人,ぎじゅつしゃ,技術者
🧑‍🎤,人,かしゅ,歌手
👨‍🎤,人,かしゅ,歌手
👩‍🎤,人,かしゅ,歌手
🧑‍🎨,人,げいじゅつか,芸術家
👨‍🎨,人,げいじゅつか,芸術家
👩‍🎨,人,げいじゅつか,芸術家
🧑‍✈️,人,パイロット,パイロット
👨‍✈️,人,パイロット,パイロット
👩‍✈️,人,パイロット,パイロット
🧑‍🚀,人,うちゅうひこうし,宇宙飛行士
👨‍🚀,人,うちゅうひこうし,宇宙飛行士
👩‍🚀,人,うちゅうひこうし,宇宙飛行士
🧑‍🚒,人,しょうぼうし,消防士
👨‍🚒,人,しょうぼうし,消防士
👩‍🚒,人,しょうぼうし,消防士
👮,人,けいさつかん,警察官
👮‍♂️,人,けいさつかん,警察官
👮‍♀️,人,けいさつかん,警察官
🕵️,人,たんてい,探偵
🕵️‍♂️,人,たんてい,探偵
🕵️‍♀️,人,たんてい,探偵
💂,人,ごえい,護衛
💂‍♂️,人,ごえい,護衛
💂‍♀️,人,ごえい,護衛
🥷,人,にんじゃ,忍者
🤴,人,おうじさま,王子様
👸,人,おひめさま,お姫様
🚶,人,あるく,歩く
🚶‍♂️,人,あるく,歩く
🚶‍♀️,人,あるく,歩く
🧍,人,たつ,立つ
🧍‍♂️,人,たつ,立つ
🧍‍♀️,人,たつ,立つ
🏃,人,はしる,走る
🏃‍♂️,人,はしる,走る
🏃‍♀️,人,はしる,走る
💃,人,ダンサー,ダンサー
🕺,人,ダンサー,ダンサー
👪,人,かぞく,家族
👨‍👩‍👦,人,かぞく,家族
👨‍👩‍👧,人,かぞく,家族
👨‍👩‍👧‍👦,人,かぞく,家族
👨‍👩‍👦‍👦,人,かぞく,家族
👨‍👩‍👧‍👧,人,かぞく,家族
👨‍👨‍👦,人,かぞく,家族
👨‍👨‍👧,人,かぞく,家族
👨‍👨‍👧‍👦,人,かぞく,家族
👨‍👨‍👦‍👦,人,かぞく,家族
👨‍👨‍👧‍👧,人,かぞく,家族
👩‍👩‍👦,人,かぞく,家族
👩‍👩‍👧,人,かぞく,家族
👩‍👩‍👧‍👦,人,かぞく,家族
👩‍👩‍👦‍👦,人,かぞく,家族
👩‍👩‍👧‍👧,人,かぞく,家族
🌂,服,かさ,かさ
☂️,服,かさ,かさ
👓,服,メガネ,メガネ
🕶️,服,サングラス,サングラス
🥽,服,ゴーグル,ゴーグル
🥼,服,はくい,白衣
🦺,服,ベスト,ベスト
👔,服,ネクタイ,ネクタイ
👕,服,Tシャツ,Tシャツ
👖,服,ジーンズ,ジーンズ
🧣,服,スカーフ,スカーフ
🧤,服,てぶくろ,手ぶくろ
🧥,服,コート,コート
🧦,服,くつした,くつ下
👗,服,ドレス,ドレス
👘,服,きもの,着物
🩱,服,みずぎ,水着
🩲,服,ブリーフ,ブリーフ
🩳,服,ショートパンツ,ショートパンツ
👙,服,ビキニ,ビキニ
👚,服,ようふく,洋服
👛,服,さいふ,財布
👜,服,ハンドバッグ,ハンドバッグ
👝,服,ポーチ,ポーチ
🎒,服,リュックサック,リュックサック
🩴,服,サンダル,サンダル
👞,服,くつ,くつ
👟,服,くつ,くつ
🥾,服,くつ,くつ
🥿,服,くつ,くつ
👠,服,くつ,くつ
👡,服,サンダル,サンダル
🩰,服,くつ,くつ
👢,服,ブーツ,ブーツ
👑,服,おうかん,王冠
👒,服,ぼうし,帽子
🎩,服,シルクハット,シルクハット
🎓,服,そつぎょうぼう,卒業帽
🧢,服,キャップ,キャップ
🪖,服,ヘルメット,ヘルメット
⛑️,服,あんぜんぼう,安全帽
💄,服,くちべに,口紅
💍,服,ゆびわ,指輪
💼,服,ブリーフケース,ブリーフケース
🐵,動物,サル,サル
🐒,動物,サル,サル
🦍,動物,ゴリラ,ゴリラ
🦧,動物,オランウータン,オランウータン
🐶,動物,イヌ,犬
🐕,動物,イヌ,犬
🦮,動物,イヌ,犬
🐕‍🦺,動物,イヌ,犬
🐩,動物,プードル,プードル
🐺,動物,オオカミ,オオカミ
🦊,動物,キツネ,キツネ
🦝,動物,アライグマ,アライグマ
🐱,動物,ネコ,ネコ
🐈,動物,ネコ,ネコ
🐈‍⬛,動物,ネコ,ネコ
🦁,動物,ライオン,ライオン
🐯,動物,トラ,トラ
🐅,動物,トラ,トラ
🐆,動物,ヒョウ,ヒョウ
🐴,動物,ウマ,馬
🐎,動物,ウマ,馬
🦄,動物,ユニコーン,ユニコーン
🦓,動物,シマウマ,シマウマ
🦌,動物,シカ,鹿
🐮,動物,ウシ,牛
🐄,動物,めすウシ,めす牛
🐷,動物,ブタ,豚
🐖,動物,ブタ,豚
🦒,動物,キリン,キリン
🐘,動物,ゾウ,象
🦣,動物,マンモス,マンモス
🐭,動物,ネズミ,ネズミ
🐁,動物,ネズミ,ネズミ
🐀,動物,ラット,ラット
🐹,動物,ハムスター,ハムスター
🐰,動物,ウサギ,ウサギ
🐇,動物,ウサギ,ウサギ
🦇,動物,コウモリ,コウモリ
🐻,動物,クマ,クマ
🐻‍❄️,動物,クマ,クマ
🐨,動物,コアラ,コアラ
🐼,動物,パンダ,パンダ
🦥,動物,ナマケモノ,ナマケモノ
🦨,動物,スカンク,スカンク
🦘,動物,カンガルー,カンガルー
🐔,動物,ニワトリ,ニワトリ
🐣,動物,ヒヨコ,ヒヨコ
🐤,動物,ヒヨコ,ヒヨコ
🐥,動物,ヒヨコ,ヒヨコ
🐦,動物,とり,鳥
🐧,動物,ペンギン,ペンギン
🦆,動物,カモ,カモ
🦢,動物,はくちょう,白鳥
🦉,動物,フクロウ,フクロウ
🪶,動物,はね,羽
🦩,動物,フラミンゴ,フラミンゴ
🦜,動物,オウム,オウム
🐸,動物,カエル,カエル
🐊,動物,ワニ,ワニ
🐢,動物,カメ,カメ
🦎,動物,トカゲ,トカゲ
🐍,動物,ヘビ,ヘビ
🐲,動物,ドラゴン,ドラゴン
🐉,動物,ドラゴン,ドラゴン
🦕,動物,きょうりゅう,草食恐竜
🦖,動物,きょうりゅう,肉食恐竜
🐳,動物,クジラ,クジラ
🐋,動物,クジラ,クジラ
🐬,動物,イルカ,イルカ
🦭,動物,アザラシ,アザラシ
🐟,動物,さかな,魚
🐠,動物,さかな,魚
🦈,動物,サメ,サメ
🐙,動物,タコ,タコ
🐚,動物,まきがい,巻貝
🐌,動物,カタツムリ,カタツムリ
🦋,動物,ちょうちょ,ちょうちょ
🐛,動物,けむし,毛虫
🐜,動物,アリ,アリ
🐝,動物,ミツバチ,ミツバチ
🪲,動物,こうちゅう,甲虫
🐞,動物,てんとうむし,てんとう虫
🦗,動物,コオロギ,コオロギ
🪳,動物,ゴキブリ,ゴキブリ
🕷️,動物,クモ,クモ
🕸️,動物,クモのす,クモの巣
🦂,動物,サソリ,サソリ
🦟,動物,か,蚊
🪰,動物,ハエ,ハエ
🪱,動物,ミミズ,ミミズ
💐,自然,はなたば,花束
🌸,自然,はな,花
💮,自然,はな,花
🏵️,自然,はな,花
🌹,自然,はな,花
🌺,自然,はな,花
🌻,自然,ひまわり,ひまわり
🌼,自然,はな,花
🌷,自然,チューリップ,チューリップ
🪴,自然,はちうえ,はち植え
🌲,自然,き,木
🌳,自然,き,木
🌴,自然,き,木
🌿,自然,は,葉
☘️,自然,は,葉
🍀,自然,は,葉
🍁,自然,は,葉
🍂,自然,は,葉
🍃,自然,は,葉
🍄,食べ物,キノコ,キノコ
🦀,自然,カニ,カニ
🦞,自然,ロブスター,ロブスター
🦐,自然,エビ,エビ
🦑,自然,イカ,イカ
🪨,自然,いわ,岩
🌙,自然,つき,月
🌛,自然,つき,月
🌜,自然,つき,月
☀️,自然,たいよう,太陽
🌞,自然,たいよう,太陽
⭐,自然,ほし,星
🌟,自然,ほし,星
🌠,自然,ほし,星
☁️,自然,くもり,くもり
🌧️,自然,あめ,雨
🌨️,自然,ゆき,雪
🌩️,自然,かみなり,雷
🌪️,自然,たつまき,竜巻
🌫️,自然,きり,霧
🌈,自然,にじ,虹
☂️,自然,かさ,かさ
⚡,自然,かみなり,雷
❄️,自然,ゆきのけっしょう,雪の結晶
☃️,自然,ゆきだるま,雪だるま
⛄,自然,ゆきだるま,雪だるま
☄️,自然,すいせい,彗星
🔥,自然,ほのお,炎
🌊,自然,なみ,波
🍇,食べ物,ぶどう,ぶどう
🍈,食べ物,メロン,メロン
🍉,食べ物,スイカ,スイカ
🍋,食べ物,レモン,レモン
🍌,食べ物,バナナ,バナナ
🍍,食べ物,パイナップル,パイナップル
🥭,食べ物,マンゴー,マンゴー
🍎,食べ物,あかりんご,赤りんご
🍏,食べ物,あおりんご,青りんご
🍐,食べ物,ようなし,洋ナシ
🍑,食べ物,もも,桃
🍒,食べ物,サクランボ,サクランボ
🍓,食べ物,イチゴ,イチゴ
🫐,食べ物,ブルーベリー,ブルーベリー
🥝,食べ物,キウイ,キウイ
🍅,食べ物,トマト,トマト
🫒,食べ物,オリーブ,オリーブ
🥥,食べ物,ココナッツ,ココナッツ
🥑,食べ物,アボカド,アボカド
🍆,食べ物,ナス,ナス
🥔,食べ物,ジャガイモ,ジャガイモ
🥕,食べ物,ニンジン,ニンジン
🌽,食べ物,トウモロコシ,トウモロコシ
🌶️,食べ物,とうがらし,とうがらし
🫑,食べ物,ピーマン,ピーマン
🥒,食べ物,キュウリ,キュウリ
🥬,食べ物,はものやさい,葉物野菜
🥦,食べ物,ブロッコリー,ブロッコリー
🧄,食べ物,ニンニク,ニンニク
🧅,食べ物,タマネギ,タマネギ
🍄,食べ物,きのこ,きのこ
🥜,食べ物,ピーナッツ,ピーナッツ
🌰,食べ物,くり,栗
🍞,食べ物,パン,パン
🥐,食べ物,パン,パン
🥖,食べ物,パン,パン
🫓,食べ物,パン,パン
🥨,食べ物,パン,パン
🥯,食べ物,ベーグル,ベーグル
🥞,食べ物,パンケーキ,パンケーキ
🧇,食べ物,ワッフル,ワッフル
🧀,食べ物,チーズ,チーズ
🍖,食べ物,にく,肉
🍗,食べ物,にく,肉
🥩,食べ物,にく,肉
🥓,食べ物,ベーコン,ベーコン
🍔,食べ物,ハンバーガー,ハンバーガー
🍟,食べ物,フライドポテト,フライドポテト
🍕,食べ物,ピザ,ピザ
🌭,食べ物,ホットドッグ,ホットドッグ
🥪,食べ物,サンドイッチ,サンドイッチ
🌮,食べ物,タコス,タコス
🥚,食べ物,たまご,卵
🥗,食べ物,サラダ,サラダ
🍿,食べ物,ポップコーン,ポップコーン
🧈,食べ物,バター,バター
🧂,食べ物,しお,塩
🍱,食べ物,べんとうばこ,弁当箱
🍘,食べ物,せんべい,せんべい
🍙,食べ物,おにぎり,おにぎり
🍚,食べ物,ごはん,ごはん
🍛,食べ物,カレーライス,カレーライス
🍜,食べ物,どんぶり,どんぶり
🍝,食べ物,スパゲッティ,スパゲッティ
🍢,食べ物,おでん,おでん
🍣,食べ物,すし,寿司
🍤,食べ物,エビフライ,エビフライ
🥮,食べ物,げっぺい,月餅
🍡,食べ物,だんご,だんご
🥟,食べ物,しょうろんぽう,小籠包
🥡,食べ物,テイクアウトボックス,テイクアウトボックス
🦪,食べ物,カキ,カキ
🍦,食べ物,ソフトクリーム,ソフトクリーム
🍧,食べ物,かきごおり,かき氷
🍨,食べ物,アイスクリーム,アイスクリーム
🍩,食べ物,ドーナツ,ドーナツ
🍪,食べ物,クッキー,クッキー
🎂,食べ物,ケーキ,ケーキ
🍰,食べ物,ケーキ,ケーキ
🧁,食べ物,ケーキ,ケーキ
🥧,食べ物,パイ,パイ
🍫,食べ物,チョコレート,チョコレート
🍬,食べ物,あめ,あめ
🍭,食べ物,ペロペロキャンディ,ペロペロキャンディ
🍮,食べ物,プリン,プリン
🍯,食べ物,はちみつ,はちみつ
🥛,食べ物,ぎゅうにゅう,牛乳
🫖,食べ物,ティーポット,ティーポット
🍵,食べ物,ゆのみ,湯呑み
🍶,食べ物,にほんしゅ,日本酒
🍷,食べ物,グラス,グラス
🍸,食べ物,グラス,グラス
🍹,食べ物,のみもの,飲み物
🍺,食べ物,ビール,ビール
🍻,食べ物,ビール,ビール
🧊,食べ物,こおり,氷
🥢,食べ物,はし,箸
🥄,食べ物,スプーン,スプーン
🧗,スポーツ,クライミング,クライミング
🧗‍♂️,スポーツ,クライミング,クライミング
🧗‍♀️,スポーツ,クライミング,クライミング
🤺,スポーツ,フェンシング,フェンシング
🏇,スポーツ,けいば,競馬
⛷️,スポーツ,スキー,スキー
🏂,スポーツ,スノーボーダー,スノーボーダー
🏌️,スポーツ,ゴルファー,ゴルファー
🏌️‍♂️,スポーツ,ゴルファー,ゴルファー
🏌️‍♀️,スポーツ,ゴルファー,ゴルファー
🏄,スポーツ,サーファー,サーファー
🏄‍♂️,スポーツ,サーファー,サーファー
🏄‍♀️,スポーツ,サーファー,サーファー
🚣,スポーツ,ボートにのる,ボートに乗る
🚣‍♂️,スポーツ,ボートにのる,ボートに乗る
🚣‍♀️,スポーツ,ボートにのる,ボートに乗る
🏊,スポーツ,すいえい,水泳
🏊‍♂️,スポーツ,すいえい,水泳
🏊‍♀️,スポーツ,すいえい,水泳
⛹️,スポーツ,ボールをつく,ボールをつく
⛹️‍♂️,スポーツ,ボールをつく,ボールをつく
⛹️‍♀️,スポーツ,ボールをつく,ボールをつく
🏋️,スポーツ,じゅうりょうあげ,重量挙げ
🏋️‍♂️,スポーツ,じゅうりょうあげ,重量挙げ
🏋️‍♀️,スポーツ,じゅうりょうあげ,重量挙げ
🚴,スポーツ,じてんしゃにのる,自転車に乗る
🚴‍♂️,スポーツ,じてんしゃにのる,自転車に乗る
🚴‍♀️,スポーツ,じてんしゃにのる,自転車に乗る
🚵,スポーツ,ヒルクライム,ヒルクライム
🚵‍♂️,スポーツ,ヒルクライム,ヒルクライム
🚵‍♀️,スポーツ,ヒルクライム,ヒルクライム
🤸,スポーツ,たいそう,体操
🤸‍♂️,スポーツ,たいそう,体操
🤸‍♀️,スポーツ,たいそう,体操
🤼,スポーツ,レスリング,レスリング
🤼‍♂️,スポーツ,レスリング,レスリング
🤼‍♀️,スポーツ,レスリング,レスリング
🤾,スポーツ,ハンドボール,ハンドボール
🤾‍♂️,スポーツ,ハンドボール,ハンドボール
🤾‍♀️,スポーツ,ハンドボール,ハンドボール
🤹,スポーツ,ジャグリング,ジャグリング
🤹‍♂️,スポーツ,ジャグリング,ジャグリング
🤹‍♀️,スポーツ,ジャグリング,ジャグリング
🧘,スポーツ,ヨガ,ヨガ
🧘‍♂️,スポーツ,ヨガ,ヨガ
🧘‍♀️,スポーツ,ヨガ,ヨガ
🛹,スポーツ,スケートボード,スケートボード
🛼,スポーツ,ローラースケート,ローラースケート
🛶,スポーツ,カヌー,カヌー
🎖️,スポーツ,メダル,メダル
🏆,スポーツ,トロフィー,トロフィー
🏅,スポーツ,メダル,メダル
🥇,スポーツ,メダル,メダル
🥈,スポーツ,メダル,メダル
🥉,スポーツ,メダル,メダル
⚽,スポーツ,サッカーボール,サッカーボール
⚾,スポーツ,やきゅうボール,野球ボール
🥎,スポーツ,ソフトボール,ソフトボール
🏀,スポーツ,バスケットボール,バスケットボール
🏐,スポーツ,バレーボール,バレーボール
🏈,スポーツ,アメリカンフットボール,アメリカンフットボール
🏉,スポーツ,ラグビー,ラグビー
🎾,スポーツ,テニス,テニス
🥏,スポーツ,フライングディスク,フライングディスク
🎳,スポーツ,ボウリング,ボウリング
🏏,スポーツ,クリケット,クリケット
🏑,スポーツ,フィールドホッケー,フィールドホッケー
🏒,スポーツ,アイスホッケー,アイスホッケー
🥍,スポーツ,ラクロス,ラクロス
🏓,スポーツ,たっきゅう,卓球
🏸,スポーツ,バドミントン,バドミントン
🥊,スポーツ,ボクシンググローブ,ボクシンググローブ
🥋,スポーツ,どうぎ,道着
🥅,スポーツ,ゴールネット,ゴールネット
⛳,スポーツ,ゴルフのはた,ゴルフの旗
⛸️,スポーツ,アイススケート,アイススケート
🎣,スポーツ,つり,釣り
🎽,スポーツ,ランニングシャツ,ランニングシャツ
🎿,スポーツ,スキー,スキー
🛷,スポーツ,そり,そり
🥌,スポーツ,カーリングストーン,カーリングストーン
🎯,スポーツ,おおあたり,大当たり
🎮,スポーツ,テレビゲーム,テレビゲーム
🎰,スポーツ,スロットマシン,スロットマシン
🎨,スポーツ,パレット,パレット
🎼,スポーツ,がくふ,楽譜
🎤,スポーツ,マイク,マイク
🎧,スポーツ,ヘッドホン,ヘッドホン
🎷,スポーツ,サックス,サックス
🪗,スポーツ,アコーディオン,アコーディオン
🎸,スポーツ,ギター,ギター
🎹,スポーツ,けんばん,鍵盤
🎺,スポーツ,トランペット,トランペット
🎻,スポーツ,バイオリン,バイオリン
🥁,スポーツ,ドラム,ドラム
🪘,スポーツ,たいこ,太鼓
🎬,スポーツ,カチンコ,カチンコ
🏹,スポーツ,ゆみや,弓矢
🗾,旅行,にほんちず,日本地図
🏔️,旅行,やま,山
⛰️,旅行,やま,山
🌋,旅行,かざん,火山
🗻,旅行,ふじさん,富士山
🏕️,旅行,キャンプ,キャンプ
🏖️,旅行,ビーチ,ビーチ
🏜️,旅行,さばく,砂漠
🏝️,旅行,むじんとう,無人島
🏞️,旅行,こくりつこうえん,国立公園
🏟️,旅行,スタジアム,スタジアム
🏛️,旅行,いせき,遺跡
🏗️,旅行,けんちくちゅう,建築中
🏘️,旅行,いえ,家
🏚️,旅行,いえ,家
🏠,旅行,いえ,家
🏡,旅行,いえ,家
🏢,旅行,オフィスビル,オフィスビル
🏣,旅行,ゆうびんきょく,郵便局
🏥,旅行,びょういん,病院
🏦,旅行,ぎんこう,銀行
🏨,旅行,ホテル,ホテル
🏪,旅行,コンビニエンスストア,コンビニエンスストア
🏫,旅行,がっこう,学校
🏬,旅行,デパート,デパート
🏭,旅行,こうじょう,工場
🏯,旅行,しろ,城
🏰,旅行,しろ,城
💒,旅行,けっこんしき,結婚式
🗼,旅行,とうきょうタワー,東京タワー
⛪,旅行,きょうかい,教会
⛩️,旅行,とりい,鳥居
⛲,旅行,ふんすい,噴水
⛺,旅行,テント,テント
🌁,旅行,きり,霧
🌄,旅行,ひので,日の出
🌅,旅行,ひので,日の出
🌇,旅行,ゆうやけ,夕焼け
🎡,旅行,かんらんしゃ,観覧車
🎢,旅行,ジェットコースター,ジェットコースター
🚆,旅行,れっしゃ,列車
🚇,旅行,ちかてつ,地下鉄
🚉,旅行,えき,駅
🚝,旅行,モノレール,モノレール
🚌,旅行,バス,バス
🚍,旅行,バス,バス
🚑,旅行,きゅうきゅうしゃ,救急車
🚒,旅行,しょうぼうしゃ,消防車
🚓,旅行,パトカー,パトカー
🚔,旅行,パトカー,パトカー
🚕,旅行,タクシー,タクシー
🚖,旅行,タクシー,タクシー
🚗,旅行,じどうしゃ,自動車
🚘,旅行,じどうしゃ,自動車
🛻,旅行,トラック,トラック
🚚,旅行,トラック,トラック
🚜,旅行,トラクター,トラクター
🏎️,旅行,レーシングカー,レーシングカー
🏍️,旅行,オートバイ,オートバイ
🛵,旅行,スクーター,スクーター
🚲,旅行,じてんしゃ,自転車
🛴,旅行,キックスクーター,キックスクーター
🚏,旅行,バスてい,バス停
🛣️,旅行,こうそくどうろ,高速道路
🛤️,旅行,せんろ,線路
⛽,旅行,ガソリンスタンド,ガソリンスタンド
🚥,旅行,しんごうき,信号機
🚦,旅行,しんごうき,信号機
🚧,旅行,こうじ,工事
⚓,旅行,いかり,いかり
⛵,旅行,ヨット,ヨット
🚤,旅行,スピードボード,スピードボード
🛳️,旅行,ふね,船
⛴️,旅行,フェリー,フェリー
🛥️,旅行,モーターボート,モーターボート
🚢,旅行,ふね,船
✈️,旅行,ひこうき,飛行機
🛩️,旅行,ひこうき,飛行機
🛫,旅行,ひこうき,飛行機
🛬,旅行,ひこうき,飛行機
🪂,旅行,パラシュート,パラシュート
💺,旅行,ざせき,座席
🚁,旅行,ヘリコプター,ヘリコプター
🛰️,旅行,じんこうえいせい,人工衛星
🚀,旅行,ロケット,ロケット
🪐,旅行,わくせい,惑星
🌠,旅行,ながれぼし,流れ星
🌌,旅行,あまのがわ,天の川
🎆,旅行,はなび,花火
🎇,旅行,せんこうはなび,線香花火
🗿,旅行,モアイぞう,モアイ像
💌,物,ラブレター,ラブレター
🕳️,物,あな,穴
💣,物,ばくだん,爆弾
🛀,物,にゅうよくする,入浴する
🛌,物,ベッドでねる,ベッドで寝る
🔪,物,ほうちょう,包丁
🗺️,物,せかいちず,世界地図
🧭,物,コンパス,コンパス
🧱,物,レンガ,レンガ
💈,シンボル,とこや,床屋
🦽,物,くるまいす,車椅子
🦼,物,でんどうしゃいす,電動車椅子
🛢️,物,ドラムかん,ドラム缶
🛎️,物,よびりん,呼び鈴
🧳,物,りょこうかばん,旅行かばん
⌛,物,すなどけい,砂時計
⏳,物,すなどけい,砂時計
⌚,物,うでどけい,腕時計
⏰,物,めざましどけい,目覚まし時計
⏱️,物,ストップウォッチ,ストップウォッチ
⏲️,物,タイマー,タイマー
🕰️,物,おきどけい,置き時計
🌡️,物,おんどけい,温度計
⛱️,物,パラソル,パラソル
🧨,物,ばくちく,爆竹
🎈,物,ふうせん,風船
🎉,物,クラッカー,クラッカー
🎊,物,くすだま,くす玉
🎎,物,ひなまつり,ひな祭り
🎏,物,こいのぼり,こいのぼり
🎐,物,ふうりん,風鈴
🎀,物,リボン,リボン
🎁,物,プレゼント,プレゼント
🤿,物,ダイビングマスク,ダイビングマスク
🪀,物,ヨーヨー,ヨーヨー
🪁,物,たこ,たこ
🪄,物,まほうのつえ,魔法の杖
🕹️,物,スティック,スティック
🧸,物,テディベア,テディベア
🪆,物,マトリョーシカ,マトリョーシカ
🖼️,物,かいが,絵画
🛍️,物,ショッピングバッグ,ショッピングバッグ
💎,物,ほうせき,宝石
📱,必需品,けいたいでんわ,携帯電話
🔋,必需品,でんち,電池
🔌,必需品,コンセント,コンセント
💻,必需品,ノートパソコン,ノートパソコン
🖥️,必需品,デスクトップパソコン,デスクトップパソコン
🖨️,必需品,プリンター,プリンター
⌨️,必需品,キーボード,キーボード
🖱️,必需品,マウス,マウス
🖲️,必需品,トラックボール,トラックボール
🧮,必需品,そろばん,そろばん
🎥,必需品,ムービーカメラ,ムービーカメラ
📺,必需品,テレビ,テレビ
📷,必需品,カメラ,カメラ
📸,必需品,カメラ,カメラ
📹,必需品,ビデオカメラ,ビデオカメラ
🔍,必需品,むしメガネ,虫メガネ
🔎,必需品,むしメガネ,虫メガネ
🕯️,必需品,ろうそく,ろうそく
💡,必需品,でんきゅう,電球
🔦,必需品,かいちゅうでんとう,懐中電灯
📔,必需品,ノート,ノート
📕,必需品,ほん,本
📖,必需品,ほん,本
📗,必需品,ほん,本
📘,必需品,ほん,本
📙,必需品,ほん,本
📚,必需品,ほん,本
📓,必需品,ノート,ノート
🏷️,必需品,ラベル,ラベル
💰,必需品,おかねのふくろ,お金の袋
🪙,必需品,コイン,コイン
💴,必需品,おさつ,お札
💵,必需品,おさつ,お札
💶,必需品,おさつ,お札
💷,必需品,おさつ,お札
💳,必需品,クレジットカード,クレジットカード
🧾,必需品,レシート,レシート
✉️,必需品,ふうとう,封筒
📮,必需品,ポスト,ポスト
✏️,必需品,えんぴつ,鉛筆
🖊️,必需品,ペン,ペン
🖌️,必需品,えふで,絵筆
🖍️,必需品,クレヨン,クレヨン
📝,必需品,メモ,メモ
📅,必需品,カレンダー,カレンダー
📆,必需品,カレンダー,カレンダー
🗓️,必需品,カレンダー,カレンダー
📋,必需品,クリップボード,クリップボード
📌,必需品,がびょう,画びょう
📍,必需品,がびょう,画びょう
📎,必需品,クリップ,クリップ
🖇️,必需品,クリップ,クリップ
📏,必需品,じょうぎ,定規
📐,必需品,さんかくじょうぎ,三角定規
✂️,必需品,はさみ,はさみ
🗃️,必需品,しょるいばこ,書類箱
🗄️,必需品,しょるいしゅうのうばこ,書類収納棚
🗑️,必需品,ゴミばこ,ゴミ箱
🔒,必需品,カギをとじる,カギを閉じる
🔓,必需品,カギをあける,カギを開ける
🔑,必需品,カギ,カギ
🗝️,必需品,カギ,カギ
🔨,物,ハンマー,ハンマー
🪓,物,おの,斧
⛏️,物,つるはし,つるはし
🗡️,物,ダガー,ダガー
⚔️,物,クロスしたけん,クロスした剣
🔫,物,ピストル,ピストル
🪃,物,ブーメラン,ブーメラン
🛡️,物,たて,盾
🔗,物,リンク,リンク
⛓️,物,チェーン,チェーン
🪝,物,フック,フック
🧰,物,こうぐばこ,工具箱
🧲,物,じしゃく,磁石
🪜,物,はしご,はしご
💉,物,ちゅうしゃき,注射器
💊,物,くすり,薬
🩹,物,ばんそうこう,ばんそうこう
🚪,物,ドア,ドア
🪞,物,かがみ,鏡
🪟,物,まど,窓
🛏️,物,ベッド,ベッド
🛋️,物,ソファーとランプ,ソファーとランプ
🪑,物,イス,イス
🚽,物,トイレ,トイレ
🪠,物,ラバーカップ,ラバーカップ
🚿,物,シャワー,シャワー
🛁,物,バスタブ,バスタブ
🪒,物,カミソリ,カミソリ
🧴,物,ローションボトル,ローションボトル
🧷,物,あんぜんピン,安全ピン
🧹,物,ほうき,ほうき
🧺,物,バスケット,バスケット
🧻,物,トイレットペーパー,トイレットペーパー
🪣,物,バケツ,バケツ
🧼,物,せっけん,せっけん
🪥,物,はブラシ,歯ブラシ
🧽,物,スポンジ,スポンジ
🧯,物,しょうかき,消火器
🛒,物,ショッピングカート,ショッピングカート
🚬,物,タバコ,タバコ
🪧,物,プラカード,プラカード
♨️,シンボル,おんせん,温泉
💈,シンボル,とこや,床屋
🕛,シンボル,12じ,12時
🕧,シンボル,12じはん,12時半
🕐,シンボル,1じ,1時
🕜,シンボル,1じはん,1時半
🕑,シンボル,2じ,2時
🕝,シンボル,2じはん,2時半
🕒,シンボル,3じ,3時
🕞,シンボル,3じはん,3時半
🕓,シンボル,4じ,4時
🕟,シンボル,4じはん,4時半
🕔,シンボル,5じ,5時
🕠,シンボル,5じはん,5時半
🕕,シンボル,6じ,6時
🕡,シンボル,6じはん,6時半
🕖,シンボル,7じ,7時
🕢,シンボル,7じはん,7時半
🕗,シンボル,8じ,8時
🕣,シンボル,8じはん,8時半
🕘,シンボル,9じ,9時
🕤,シンボル,9じはん,9時半
🕙,シンボル,10じ,10時
🕥,シンボル,10じはん,10時半
🕚,シンボル,11じ,11時
🕦,シンボル,11じはん,11時半
🌀,シンボル,サイクロン,サイクロン
♠️,シンボル,スペード,スペード
♥️,シンボル,ハート,ハート
♦️,シンボル,ダイヤ,ダイヤ
📢,シンボル,かくせいき,拡声器
📣,シンボル,メガホン,メガホン
🔔,シンボル,ベル,ベル
⬆️,シンボル,うえ,上
↗️,シンボル,みぎうえ,右上
➡️,シンボル,みぎ,右
↘️,シンボル,みぎした,右下
⬇️,シンボル,した,下
↙️,シンボル,ひだりした,左下
⬅️,シンボル,ひだり,左
↖️,シンボル,ひだりうえ,左上
